###############################################################################
#
# IAR ELF Linker V8.22.1.15669/W32 for ARM                07/Feb/2019  15:39:56
# Copyright 2007-2018 IAR Systems AB.
#
#    Output file  =  
#        C:\PROJECTS\LeakageTester\LeakTest\EWARM\LeakTest\Exe\LeakTest.out
#    Map file     =  
#        C:\PROJECTS\LeakageTester\LeakTest\EWARM\LeakTest\List\LeakTest.map
#    Command line =  
#        -f C:\Users\H249897\AppData\Local\Temp\EW8B11.tmp
#        (C:\PROJECTS\LeakageTester\LeakTest\EWARM\LeakTest\Obj\dma.o
#        C:\PROJECTS\LeakageTester\LeakTest\EWARM\LeakTest\Obj\gpio.o
#        C:\PROJECTS\LeakageTester\LeakTest\EWARM\LeakTest\Obj\main.o
#        C:\PROJECTS\LeakageTester\LeakTest\EWARM\LeakTest\Obj\MS5611.o
#        C:\PROJECTS\LeakageTester\LeakTest\EWARM\LeakTest\Obj\rtc.o
#        C:\PROJECTS\LeakageTester\LeakTest\EWARM\LeakTest\Obj\spi.o
#        C:\PROJECTS\LeakageTester\LeakTest\EWARM\LeakTest\Obj\startup_stm32f100xb.o
#        C:\PROJECTS\LeakageTester\LeakTest\EWARM\LeakTest\Obj\stm32f1xx_hal.o
#        C:\PROJECTS\LeakageTester\LeakTest\EWARM\LeakTest\Obj\stm32f1xx_hal_cortex.o
#        C:\PROJECTS\LeakageTester\LeakTest\EWARM\LeakTest\Obj\stm32f1xx_hal_dma.o
#        C:\PROJECTS\LeakageTester\LeakTest\EWARM\LeakTest\Obj\stm32f1xx_hal_flash.o
#        C:\PROJECTS\LeakageTester\LeakTest\EWARM\LeakTest\Obj\stm32f1xx_hal_flash_ex.o
#        C:\PROJECTS\LeakageTester\LeakTest\EWARM\LeakTest\Obj\stm32f1xx_hal_gpio.o
#        C:\PROJECTS\LeakageTester\LeakTest\EWARM\LeakTest\Obj\stm32f1xx_hal_gpio_ex.o
#        C:\PROJECTS\LeakageTester\LeakTest\EWARM\LeakTest\Obj\stm32f1xx_hal_msp.o
#        C:\PROJECTS\LeakageTester\LeakTest\EWARM\LeakTest\Obj\stm32f1xx_hal_pwr.o
#        C:\PROJECTS\LeakageTester\LeakTest\EWARM\LeakTest\Obj\stm32f1xx_hal_rcc.o
#        C:\PROJECTS\LeakageTester\LeakTest\EWARM\LeakTest\Obj\stm32f1xx_hal_rcc_ex.o
#        C:\PROJECTS\LeakageTester\LeakTest\EWARM\LeakTest\Obj\stm32f1xx_hal_spi.o
#        C:\PROJECTS\LeakageTester\LeakTest\EWARM\LeakTest\Obj\stm32f1xx_hal_spi_ex.o
#        C:\PROJECTS\LeakageTester\LeakTest\EWARM\LeakTest\Obj\stm32f1xx_hal_tim.o
#        C:\PROJECTS\LeakageTester\LeakTest\EWARM\LeakTest\Obj\stm32f1xx_hal_tim_ex.o
#        C:\PROJECTS\LeakageTester\LeakTest\EWARM\LeakTest\Obj\stm32f1xx_hal_uart.o
#        C:\PROJECTS\LeakageTester\LeakTest\EWARM\LeakTest\Obj\stm32f1xx_it.o
#        C:\PROJECTS\LeakageTester\LeakTest\EWARM\LeakTest\Obj\stm32f1xx_ll_exti.o
#        C:\PROJECTS\LeakageTester\LeakTest\EWARM\LeakTest\Obj\stm32f1xx_ll_gpio.o
#        C:\PROJECTS\LeakageTester\LeakTest\EWARM\LeakTest\Obj\stm32f1xx_ll_rcc.o
#        C:\PROJECTS\LeakageTester\LeakTest\EWARM\LeakTest\Obj\stm32f1xx_ll_rtc.o
#        C:\PROJECTS\LeakageTester\LeakTest\EWARM\LeakTest\Obj\stm32f1xx_ll_utils.o
#        C:\PROJECTS\LeakageTester\LeakTest\EWARM\LeakTest\Obj\system_stm32f1xx.o
#        C:\PROJECTS\LeakageTester\LeakTest\EWARM\LeakTest\Obj\usart.o
#        --redirect _Printf=_PrintfFull --redirect _Scanf=_ScanfFull -o
#        C:\PROJECTS\LeakageTester\LeakTest\EWARM\LeakTest\Exe\LeakTest.out
#        --map
#        C:\PROJECTS\LeakageTester\LeakTest\EWARM\LeakTest\List\LeakTest.map
#        --config
#        C:\PROJECTS\LeakageTester\LeakTest\EWARM/stm32f100xb_flash.icf
#        --semihosting --entry __iar_program_start --vfe --text_out locale)
#
###############################################################################

*******************************************************************************
*** RUNTIME MODEL ATTRIBUTES
***

CppFlavor       = *
__SystemLibrary = DLib
__dlib_version  = 6


*******************************************************************************
*** HEAP SELECTION
***

The basic heap was selected because no calls to memory allocation
functions were found in the application outside of system library
functions, and there are calls to deallocation functions in the
application.


*******************************************************************************
*** PLACEMENT SUMMARY
***

"A0":  place at 0x08000000 { ro section .intvec };
"P1":  place in [from 0x08000000 to 0x0801ffff] { ro };
define block CSTACK with size = 1K, alignment = 8 { };
define block HEAP with size = 512, alignment = 8 { };
"P2":  place in [from 0x20000000 to 0x20001fff] {
          rw, block CSTACK, block HEAP };
initialize by copy { rw };

  Section            Kind        Address    Size  Object
  -------            ----        -------    ----  ------
"A0":                                      0x120
  .intvec            ro code  0x08000000   0x120  startup_stm32f100xb.o [1]
                            - 0x08000120   0x120

"P1":                                     0x4808
  .text              ro code  0x08000120   0xb48  pow64.o [4]
  .text              ro code  0x08000c68    0x20  DblCmpEq.o [4]
  .text              ro code  0x08000c88    0x70  frexp.o [4]
  .text              ro code  0x08000cf8    0x2e  DblCmpLe.o [4]
  .text              ro code  0x08000d28   0x13a  ldexp.o [4]
  .text              ro code  0x08000e64   0x1a2  DblMul.o [4]
  .text              ro code  0x08001008   0x178  DblAdd.o [4]
  .text              ro code  0x08001180    0x3a  DblToS32.o [4]
  .text              ro code  0x080011bc    0x22  S32ToDbl.o [4]
  .text              ro code  0x080011e0    0xe2  DblSub.o [4]
  .text              ro code  0x080012c4   0x246  DblDiv.o [4]
  .text              ro code  0x0800150c    0x2e  DblCmpGe.o [4]
  .text              ro code  0x0800153c   0x39c  iar_Exp64.o [4]
  .text              ro code  0x080018d8   0x880  stm32f1xx_hal_uart.o [1]
  .text              ro code  0x08002158   0x168  usart.o [1]
  .text              ro code  0x080022c0   0x380  stm32f1xx_hal_dma.o [1]
  .text              ro code  0x08002640     0x2  stm32f1xx_hal_uart.o [1]
  .text              ro code  0x08002642     0x2  stm32f1xx_hal_uart.o [1]
  .text              ro code  0x08002644     0x2  stm32f1xx_hal_uart.o [1]
  .text              ro code  0x08002646     0x2  stm32f1xx_hal_uart.o [1]
  .text              ro code  0x08002648     0x2  stm32f1xx_hal_uart.o [1]
  .text              ro code  0x0800264c   0x68c  stm32f1xx_hal_rcc.o [1]
  .text              ro code  0x08002cd8   0x3a6  main.o [1]
  .text              ro code  0x08003080   0x288  stm32f1xx_hal_gpio.o [1]
  .text              ro code  0x08003308   0x176  stm32f1xx_hal_cortex.o [1]
  .text              ro code  0x08003480     0xc  stm32f1xx_hal.o [1]
  .text              ro code  0x0800348c    0x4c  stm32f1xx_hal.o [1]
  .text              ro code  0x080034d8    0x86  ABImemcpy.o [5]
  .text              ro code  0x08003560    0x16  stm32f1xx_hal.o [1]
  .text              ro code  0x08003578    0x7c  gpio.o [1]
  .text              ro code  0x080035f4    0x40  dma.o [1]
  .text              ro code  0x08003634   0x1ac  spi.o [1]
  .text              ro code  0x080037e0   0x144  rtc.o [1]
  .text              ro code  0x08003924   0x2a8  MS5611.o [1]
  .text              ro code  0x08003bcc    0x1a  U32ToDbl.o [4]
  .text              ro code  0x08003be8   0x10c  stm32f1xx_hal_rcc_ex.o [1]
  .text              ro code  0x08003cf4    0x90  stm32f1xx_hal_msp.o [1]
  .text              ro code  0x08003d84    0x7e  stm32f1xx_hal_spi_ex.o [1]
  .text              ro code  0x08003e04   0x1e2  stm32f1xx_ll_rtc.o [1]
  .text              ro code  0x08003fe8    0x28  stm32f1xx_hal.o [1]
  .text              ro code  0x08004010   0x5b4  stm32f1xx_hal_spi.o [1]
  .text              ro code  0x080045c4     0x2  stm32f1xx_hal_spi.o [1]
  .text              ro code  0x080045c8    0x70  system_stm32f1xx.o [1]
  .text              ro code  0x08004638    0x58  stm32f1xx_it.o [1]
  .text              ro code  0x08004690    0x18  stm32f1xx_hal.o [1]
  .text              ro code  0x080046a8    0x40  zero_init3.o [5]
  .rodata            const    0x080046e8    0x30  main.o [1]
  .rodata            const    0x08004718    0x30  spi.o [1]
  .rodata            const    0x08004748    0x30  usart.o [1]
  .text              ro code  0x08004778    0x2c  copy_init3.o [5]
  .text              ro code  0x080047a4    0x28  data_init.o [5]
  .iar.init_table    const    0x080047cc    0x24  - Linker created -
  .text              ro code  0x080047f0    0x1e  cmain.o [5]
  .text              ro code  0x0800480e     0x4  low_level_init.o [3]
  .text              ro code  0x08004812     0x4  exit.o [3]
  .text              ro code  0x08004818     0xa  cexit.o [5]
  .text              ro code  0x08004824    0x14  exit.o [6]
  .rodata            const    0x08004838    0x10  stm32f1xx_hal_rcc.o [1]
  .rodata            const    0x08004848    0x10  stm32f1xx_hal_rcc.o [1]
  .rodata            const    0x08004858    0x10  system_stm32f1xx.o [1]
  .text              ro code  0x08004868    0x10  startup_stm32f100xb.o [1]
  .text              ro code  0x08004878     0xc  cstartup_M.o [5]
  Initializer bytes  const    0x08004884     0xc  <for P2-1>
  .rodata            const    0x08004890     0x8  system_stm32f1xx.o [1]
  .text              ro code  0x08004898     0x4  startup_stm32f100xb.o [1]
  .text              ro code  0x0800489c     0x4  startup_stm32f100xb.o [1]
  .text              ro code  0x080048a0     0x4  startup_stm32f100xb.o [1]
  .text              ro code  0x080048a4     0x4  startup_stm32f100xb.o [1]
  .text              ro code  0x080048a8     0x4  startup_stm32f100xb.o [1]
  .text              ro code  0x080048ac     0x4  startup_stm32f100xb.o [1]
  .text              ro code  0x080048b0     0x4  startup_stm32f100xb.o [1]
  .text              ro code  0x080048b4     0x4  startup_stm32f100xb.o [1]
  .text              ro code  0x080048b8     0x4  startup_stm32f100xb.o [1]
  .text              ro code  0x080048bc     0x4  startup_stm32f100xb.o [1]
  .text              ro code  0x080048c0     0x4  startup_stm32f100xb.o [1]
  .text              ro code  0x080048c4     0x4  startup_stm32f100xb.o [1]
  .text              ro code  0x080048c8     0x4  startup_stm32f100xb.o [1]
  .text              ro code  0x080048cc     0x4  startup_stm32f100xb.o [1]
  .text              ro code  0x080048d0     0x4  startup_stm32f100xb.o [1]
  .text              ro code  0x080048d4     0x4  startup_stm32f100xb.o [1]
  .text              ro code  0x080048d8     0x4  startup_stm32f100xb.o [1]
  .text              ro code  0x080048dc     0x4  startup_stm32f100xb.o [1]
  .text              ro code  0x080048e0     0x4  startup_stm32f100xb.o [1]
  .text              ro code  0x080048e4     0x4  startup_stm32f100xb.o [1]
  .text              ro code  0x080048e8     0x4  startup_stm32f100xb.o [1]
  .text              ro code  0x080048ec     0x4  startup_stm32f100xb.o [1]
  .text              ro code  0x080048f0     0x4  startup_stm32f100xb.o [1]
  .text              ro code  0x080048f4     0x4  startup_stm32f100xb.o [1]
  .text              ro code  0x080048f8     0x4  startup_stm32f100xb.o [1]
  .text              ro code  0x080048fc     0x4  startup_stm32f100xb.o [1]
  .text              ro code  0x08004900     0x4  startup_stm32f100xb.o [1]
  .text              ro code  0x08004904     0x4  startup_stm32f100xb.o [1]
  .text              ro code  0x08004908     0x4  startup_stm32f100xb.o [1]
  .text              ro code  0x0800490c     0x4  startup_stm32f100xb.o [1]
  .text              ro code  0x08004910     0x4  startup_stm32f100xb.o [1]
  .text              ro code  0x08004914     0x4  startup_stm32f100xb.o [1]
  .text              ro code  0x08004918     0x4  startup_stm32f100xb.o [1]
  .text              ro code  0x0800491c     0x4  startup_stm32f100xb.o [1]
  .text              ro code  0x08004920     0x4  startup_stm32f100xb.o [1]
  .text              ro code  0x08004924     0x4  startup_stm32f100xb.o [1]
  .rodata            const    0x08004928     0x0  zero_init3.o [5]
  .rodata            const    0x08004928     0x0  copy_init3.o [5]
                            - 0x08004928  0x4808

"P2", part 1 of 3:                           0xc
  P2-1                        0x20000000     0x9  <Init block>
    .data            inited   0x20000000     0x4  stm32f1xx_hal.o [1]
    .data            inited   0x20000004     0x4  system_stm32f1xx.o [1]
    .data            inited   0x20000008     0x1  stm32f1xx_hal.o [1]
                            - 0x20000009     0x9

"P2", part 2 of 3:                         0x210
  .bss               zero     0x2000000c    0x58  spi.o [1]
  .bss               zero     0x20000064    0x58  spi.o [1]
  .bss               zero     0x200000bc    0x44  usart.o [1]
  .bss               zero     0x20000100    0x44  usart.o [1]
  .bss               zero     0x20000144    0x40  usart.o [1]
  .bss               zero     0x20000184    0x20  main.o [1]
  .bss               zero     0x200001a4    0x20  main.o [1]
  .bss               zero     0x200001c4    0x10  main.o [1]
  .bss               zero     0x200001d8     0x8  main.o [1]
  .bss               zero     0x200001e0     0x8  main.o [1]
  .bss               zero     0x200001e8     0x8  main.o [1]
  .bss               zero     0x200001f0     0x8  main.o [1]
  .bss               zero     0x200001f8     0x8  main.o [1]
  .bss               zero     0x20000200     0x4  main.o [1]
  .bss               zero     0x20000204     0x4  main.o [1]
  .bss               zero     0x20000208     0x4  MS5611.o [1]
  .bss               zero     0x2000020c     0x4  MS5611.o [1]
  .bss               zero     0x20000210     0x4  stm32f1xx_hal.o [1]
  .bss               zero     0x20000214     0x1  main.o [1]
  .bss               zero     0x20000215     0x1  MS5611.o [1]
  .bss               zero     0x20000216     0x1  MS5611.o [1]
  .bss               zero     0x20000217     0x1  MS5611.o [1]
  .bss               zero     0x20000218     0x1  MS5611.o [1]
                            - 0x20000219   0x20d

"P2", part 3 of 3:                         0x400
  CSTACK                      0x20000220   0x400  <Block>
    CSTACK           uninit   0x20000220   0x400  <Block tail>
                            - 0x20000620   0x400


*******************************************************************************
*** INIT TABLE
***

          Address     Size
          -------     ----
Zero (__iar_zero_init3)
    1 destination range, total size 0x20d:
          0x2000000c  0x20d

Copy (__iar_copy_init3)
    1 source range, total size 0xc (133% of destination):
          0x08004884    0xc
    1 destination range, total size 0x9:
          0x20000000    0x9



*******************************************************************************
*** MODULE SUMMARY
***

    Module                  ro code  ro data  rw data
    ------                  -------  -------  -------
C:\PROJECTS\LeakageTester\LeakTest\EWARM\LeakTest\Obj: [1]
    MS5611.o                    680                12
    dma.o                        64
    gpio.o                      124
    main.o                      934       48      129
    rtc.o                       324
    spi.o                       428       48      176
    startup_stm32f100xb.o       448
    stm32f1xx_hal.o             174        5        9
    stm32f1xx_hal_cortex.o      374
    stm32f1xx_hal_dma.o         896
    stm32f1xx_hal_gpio.o        648
    stm32f1xx_hal_msp.o         144
    stm32f1xx_hal_rcc.o       1 676       32
    stm32f1xx_hal_rcc_ex.o      268
    stm32f1xx_hal_spi.o       1 462
    stm32f1xx_hal_spi_ex.o      126
    stm32f1xx_hal_uart.o      2 186
    stm32f1xx_it.o               88
    stm32f1xx_ll_rtc.o          482
    system_stm32f1xx.o          112       28        4
    usart.o                     360       48      200
    -------------------------------------------------
    Total:                   11 998      209      530

command line: [2]
    -------------------------------------------------
    Total:

dl7M_tlf.a: [3]
    exit.o                        4
    low_level_init.o              4
    -------------------------------------------------
    Total:                        8

m7M_tl.a: [4]
    DblAdd.o                    376
    DblCmpEq.o                   32
    DblCmpGe.o                   46
    DblCmpLe.o                   46
    DblDiv.o                    582
    DblMul.o                    418
    DblSub.o                    226
    DblToS32.o                   58
    S32ToDbl.o                   34
    U32ToDbl.o                   26
    frexp.o                     112
    iar_Exp64.o                 924
    ldexp.o                     314
    pow64.o                   2 888
    -------------------------------------------------
    Total:                    6 082

rt7M_tl.a: [5]
    ABImemcpy.o                 134
    cexit.o                      10
    cmain.o                      30
    copy_init3.o                 44
    cstartup_M.o                 12
    data_init.o                  40
    zero_init3.o                 64
    -------------------------------------------------
    Total:                      334

shb_l.a: [6]
    exit.o                       20
    -------------------------------------------------
    Total:                       20

    Gaps                         38                 4
    Linker created                        39    1 024
-----------------------------------------------------
    Grand Total:             18 480      248    1 558


*******************************************************************************
*** ENTRY LIST
***

Entry                      Address   Size  Type      Object
-----                      -------   ----  ----      ------
.iar.init_table$$Base   0x080047cc          --   Gb  - Linker created -
.iar.init_table$$Limit  0x080047f0          --   Gb  - Linker created -
?main                   0x080047f1         Code  Gb  cmain.o [5]
AHBPrescTable           0x08004858   0x10  Data  Gb  system_stm32f1xx.o [1]
APBPrescTable           0x08004890    0x8  Data  Gb  system_stm32f1xx.o [1]
BusFault_Handler        0x0800463f    0x2  Code  Gb  stm32f1xx_it.o [1]
CSTACK$$Base            0x20000220          --   Gb  - Linker created -
CSTACK$$Limit           0x20000620          --   Gb  - Linker created -
DMA1_Channel4_IRQHandler
                        0x08004657    0xa  Code  Gb  stm32f1xx_it.o [1]
DMA1_Channel5_IRQHandler
                        0x08004661    0xa  Code  Gb  stm32f1xx_it.o [1]
DMA_SetConfig           0x08002615   0x2c  Code  Lc  stm32f1xx_hal_dma.o [1]
DebugMon_Handler        0x08004645    0x2  Code  Gb  stm32f1xx_it.o [1]
HAL_DMA_Abort_IT        0x080023d3   0xb4  Code  Gb  stm32f1xx_hal_dma.o [1]
HAL_DMA_IRQHandler      0x08002487  0x16a  Code  Gb  stm32f1xx_hal_dma.o [1]
HAL_DMA_Init            0x080022c1   0x7a  Code  Gb  stm32f1xx_hal_dma.o [1]
HAL_DMA_Start_IT        0x0800233b   0x98  Code  Gb  stm32f1xx_hal_dma.o [1]
HAL_Delay               0x08003fe9   0x28  Code  Wk  stm32f1xx_hal.o [1]
HAL_GPIO_Init           0x08003081  0x22e  Code  Gb  stm32f1xx_hal_gpio.o [1]
HAL_GPIO_WritePin       0x080032af   0x1a  Code  Gb  stm32f1xx_hal_gpio.o [1]
HAL_GetTick             0x08003481    0xc  Code  Wk  stm32f1xx_hal.o [1]
HAL_IncTick             0x08004691   0x18  Code  Wk  stm32f1xx_hal.o [1]
HAL_Init                0x08003561   0x16  Code  Gb  stm32f1xx_hal.o [1]
HAL_InitTick            0x0800348d   0x4c  Code  Wk  stm32f1xx_hal.o [1]
HAL_MspInit             0x08003cf5   0x90  Code  Gb  stm32f1xx_hal_msp.o [1]
HAL_NVIC_EnableIRQ      0x08003419    0xe  Code  Gb  stm32f1xx_hal_cortex.o [1]
HAL_NVIC_SetPriority    0x080033ef   0x2a  Code  Gb  stm32f1xx_hal_cortex.o [1]
HAL_NVIC_SetPriorityGrouping
                        0x080033e3    0xc  Code  Gb  stm32f1xx_hal_cortex.o [1]
HAL_RCCEx_PeriphCLKConfig
                        0x08003be9   0xf8  Code  Gb  stm32f1xx_hal_rcc_ex.o [1]
HAL_RCC_ClockConfig     0x08002aa3  0x124  Code  Gb  stm32f1xx_hal_rcc.o [1]
HAL_RCC_GetHCLKFreq     0x08002c3b    0x6  Code  Gb  stm32f1xx_hal_rcc.o [1]
HAL_RCC_GetPCLK1Freq    0x08002c41   0x16  Code  Gb  stm32f1xx_hal_rcc.o [1]
HAL_RCC_GetPCLK2Freq    0x08002c57   0x16  Code  Gb  stm32f1xx_hal_rcc.o [1]
HAL_RCC_GetSysClockFreq
                        0x08002bc7   0x74  Code  Gb  stm32f1xx_hal_rcc.o [1]
HAL_RCC_OscConfig       0x0800264d  0x456  Code  Gb  stm32f1xx_hal_rcc.o [1]
HAL_SPI_IRQHandler      0x080043e7   0xf8  Code  Gb  stm32f1xx_hal_spi.o [1]
HAL_SPI_Init            0x08003d85   0x7e  Code  Gb  stm32f1xx_hal_spi_ex.o [1]
HAL_SPI_MspInit         0x080036f7   0xc4  Code  Gb  spi.o [1]
HAL_SPI_Transmit        0x08004011  0x1b0  Code  Gb  stm32f1xx_hal_spi.o [1]
HAL_SPI_TransmitReceive
                        0x080041c1  0x226  Code  Gb  stm32f1xx_hal_spi.o [1]
HAL_SYSTICK_CLKSourceConfig
                        0x08003433   0x20  Code  Gb  stm32f1xx_hal_cortex.o [1]
HAL_SYSTICK_Config      0x08003427    0xc  Code  Gb  stm32f1xx_hal_cortex.o [1]
HAL_SYSTICK_IRQHandler  0x08003475    0x8  Code  Gb  stm32f1xx_hal_cortex.o [1]
HAL_UART_IRQHandler     0x08001a9b  0x14a  Code  Gb  stm32f1xx_hal_uart.o [1]
HAL_UART_Init           0x080018d9   0x76  Code  Gb  stm32f1xx_hal_uart.o [1]
HAL_UART_MspInit        0x080021a1   0xfa  Code  Gb  usart.o [1]
HAL_UART_Receive_DMA    0x080019e5   0xb6  Code  Gb  stm32f1xx_hal_uart.o [1]
HAL_UART_Transmit_DMA   0x0800194f   0x96  Code  Gb  stm32f1xx_hal_uart.o [1]
HardFault_Handler       0x0800463b    0x2  Code  Gb  stm32f1xx_it.o [1]
LL_APB1_GRP1_EnableClock
                        0x0800386f   0x1a  Code  Lc  rtc.o [1]
LL_PWR_EnableBkUpAccess
                        0x08003897    0xe  Code  Lc  rtc.o [1]
LL_RCC_EnableRTC        0x08003889    0xe  Code  Lc  rtc.o [1]
LL_RTC_ClearFlag_ALR    0x08003e59    0xa  Code  Lc  stm32f1xx_ll_rtc.o [1]
LL_RTC_ClearFlag_OW     0x08003e77    0xa  Code  Lc  stm32f1xx_ll_rtc.o [1]
LL_RTC_ClearFlag_RS     0x08003e6d    0xa  Code  Lc  stm32f1xx_ll_rtc.o [1]
LL_RTC_ClearFlag_SEC    0x08003e81    0xa  Code  Lc  stm32f1xx_ll_rtc.o [1]
LL_RTC_DisableWriteProtection
                        0x08003e41    0xa  Code  Lc  stm32f1xx_ll_rtc.o [1]
LL_RTC_EnableWriteProtection
                        0x08003e37    0xa  Code  Lc  stm32f1xx_ll_rtc.o [1]
LL_RTC_EnterInitMode    0x08003efd   0x4e  Code  Gb  stm32f1xx_ll_rtc.o [1]
LL_RTC_ExitInitMode     0x08003f4b   0x4e  Code  Gb  stm32f1xx_ll_rtc.o [1]
LL_RTC_Init             0x08003e95   0x5a  Code  Gb  stm32f1xx_ll_rtc.o [1]
LL_RTC_IsActiveFlag_RS  0x08003e63    0xa  Code  Lc  stm32f1xx_ll_rtc.o [1]
LL_RTC_IsActiveFlag_RTOF
                        0x08003e8b    0xa  Code  Lc  stm32f1xx_ll_rtc.o [1]
LL_RTC_SetAsynchPrescaler
                        0x080038a5   0x1a  Code  Lc  rtc.o [1]
LL_RTC_SetAsynchPrescaler
                        0x08003e11   0x1a  Code  Lc  stm32f1xx_ll_rtc.o [1]
LL_RTC_SetOutputSource  0x08003e2b    0xc  Code  Lc  stm32f1xx_ll_rtc.o [1]
LL_RTC_TAMPER_Disable   0x08003e4b    0xe  Code  Lc  stm32f1xx_ll_rtc.o [1]
LL_RTC_WaitForSynchro   0x08003f99   0x4e  Code  Gb  stm32f1xx_ll_rtc.o [1]
LL_SYSTICK_IsActiveCounterFlag
                        0x08003e05    0xc  Code  Lc  stm32f1xx_ll_rtc.o [1]
MS5611_cmd_adc          0x08003965  0x13c  Code  Gb  MS5611.o [1]
MS5611_cmd_adc::CMD     0x20000216    0x1  Data  Lc  MS5611.o [1]
MS5611_cmd_adc::temp    0x20000208    0x4  Data  Lc  MS5611.o [1]
MS5611_cmd_prom         0x08003b1f   0x8e  Code  Gb  MS5611.o [1]
MS5611_cmd_prom::CMD    0x20000218    0x1  Data  Lc  MS5611.o [1]
MS5611_cmd_prom::rC     0x2000020c    0x4  Data  Lc  MS5611.o [1]
MS5611_cmd_prom::ret    0x20000217    0x1  Data  Lc  MS5611.o [1]
MS5611_crc4             0x08003aa1   0x7e  Code  Gb  MS5611.o [1]
MS5611_init             0x08003925   0x40  Code  Gb  MS5611.o [1]
MX_DMA_Init             0x080035f5   0x40  Code  Gb  dma.o [1]
MX_GPIO_Init            0x08003579   0x7c  Code  Gb  gpio.o [1]
MX_RTC_Init             0x080038bf   0x46  Code  Gb  rtc.o [1]
MX_SPI1_Init            0x08003635   0x60  Code  Gb  spi.o [1]
MX_SPI2_Init            0x08003695   0x62  Code  Gb  spi.o [1]
MX_USART1_UART_Init     0x08002159   0x48  Code  Gb  usart.o [1]
MemManage_Handler       0x0800463d    0x2  Code  Gb  stm32f1xx_it.o [1]
NMI_Handler             0x08004639    0x2  Code  Gb  stm32f1xx_it.o [1]
NVIC_EnableIRQ          0x080037eb   0x16  Code  Lc  rtc.o [1]
NVIC_EnableIRQ          0x0800332f   0x16  Code  Lc  stm32f1xx_hal_cortex.o [1]
NVIC_EncodePriority     0x0800382d   0x42  Code  Lc  rtc.o [1]
NVIC_EncodePriority     0x08003371   0x42  Code  Lc  stm32f1xx_hal_cortex.o [1]
NVIC_GetPriorityGrouping
                        0x080037e1    0xa  Code  Lc  rtc.o [1]
NVIC_GetPriorityGrouping
                        0x08003325    0xa  Code  Lc  stm32f1xx_hal_cortex.o [1]
NVIC_SetPriority        0x08003801   0x2c  Code  Lc  rtc.o [1]
NVIC_SetPriority        0x08003345   0x2c  Code  Lc  stm32f1xx_hal_cortex.o [1]
NVIC_SetPriorityGrouping
                        0x08003309   0x1c  Code  Lc  stm32f1xx_hal_cortex.o [1]
PendSV_Handler          0x08004647    0x2  Code  Gb  stm32f1xx_it.o [1]
RCC_Delay               0x08002c6d   0x26  Code  Lc  stm32f1xx_hal_rcc.o [1]
RTC_IRQHandler          0x08004655    0x2  Code  Gb  stm32f1xx_it.o [1]
Region$$Table$$Base     0x080047cc          --   Gb  - Linker created -
Region$$Table$$Limit    0x080047f0          --   Gb  - Linker created -
SPI1_IRQHandler         0x0800466b    0xa  Code  Gb  stm32f1xx_it.o [1]
SPI_CheckFlag_BSY       0x0800459b   0x2a  Code  Lc  stm32f1xx_hal_spi.o [1]
SPI_DMAAbortOnError     0x080044e1   0x16  Code  Lc  stm32f1xx_hal_spi.o [1]
SPI_WaitFlagStateUntilTimeout
                        0x080044f9   0xa2  Code  Lc  stm32f1xx_hal_spi.o [1]
SVC_Handler             0x08004643    0x2  Code  Gb  stm32f1xx_it.o [1]
SysTick_Config          0x080033b3   0x30  Code  Lc  stm32f1xx_hal_cortex.o [1]
SysTick_Handler         0x08004649    0xc  Code  Gb  stm32f1xx_it.o [1]
SystemClock_Config      0x08002f81   0x9e  Code  Gb  main.o [1]
SystemCoreClock         0x20000004    0x4  Data  Gb  system_stm32f1xx.o [1]
SystemInit              0x080045c9   0x54  Code  Gb  system_stm32f1xx.o [1]
UART_DMAAbortOnError    0x08001d0d   0x16  Code  Lc  stm32f1xx_hal_uart.o [1]
UART_DMAError           0x08001c7d   0x58  Code  Lc  stm32f1xx_hal_uart.o [1]
UART_DMAReceiveCplt     0x08001c29   0x44  Code  Lc  stm32f1xx_hal_uart.o [1]
UART_DMARxHalfCplt      0x08001c6d    0xe  Code  Lc  stm32f1xx_hal_uart.o [1]
UART_DMATransmitCplt    0x08001be5   0x34  Code  Lc  stm32f1xx_hal_uart.o [1]
UART_DMATxHalfCplt      0x08001c19    0xe  Code  Lc  stm32f1xx_hal_uart.o [1]
UART_EndRxTransfer      0x08001ce9   0x20  Code  Lc  stm32f1xx_hal_uart.o [1]
UART_EndTransmit_IT     0x08001d93   0x20  Code  Lc  stm32f1xx_hal_uart.o [1]
UART_EndTxTransfer      0x08001cd5   0x14  Code  Lc  stm32f1xx_hal_uart.o [1]
UART_Receive_IT         0x08001db3   0xae  Code  Lc  stm32f1xx_hal_uart.o [1]
UART_SetConfig          0x08001e61  0x2ee  Code  Lc  stm32f1xx_hal_uart.o [1]
UART_Transmit_IT        0x08001d25   0x6e  Code  Lc  stm32f1xx_hal_uart.o [1]
USART1_IRQHandler       0x08004675    0xa  Code  Gb  stm32f1xx_it.o [1]
UsageFault_Handler      0x08004641    0x2  Code  Gb  stm32f1xx_it.o [1]
_Error_Handler          0x0800307d    0x2  Code  Gb  main.o [1]
__aeabi_cdcmpeq         0x08000c69         Code  Gb  DblCmpEq.o [4]
__aeabi_cdcmple         0x08000cf9         Code  Gb  DblCmpLe.o [4]
__aeabi_cdrcmple        0x0800150d         Code  Gb  DblCmpGe.o [4]
__aeabi_d2iz            0x08001181         Code  Gb  DblToS32.o [4]
__aeabi_dadd            0x08001009         Code  Gb  DblAdd.o [4]
__aeabi_ddiv            0x080012c5         Code  Gb  DblDiv.o [4]
__aeabi_dmul            0x08000e65         Code  Gb  DblMul.o [4]
__aeabi_dsub            0x080011e1         Code  Gb  DblSub.o [4]
__aeabi_i2d             0x080011bd         Code  Gb  S32ToDbl.o [4]
__aeabi_memcpy4         0x080034d9         Code  Gb  ABImemcpy.o [5]
__aeabi_memcpy8         0x080034d9         Code  Gb  ABImemcpy.o [5]
__aeabi_ui2d            0x08003bcd         Code  Gb  U32ToDbl.o [4]
__cmain                 0x080047f1         Code  Gb  cmain.o [5]
__exit                  0x08004825   0x14  Code  Gb  exit.o [6]
__iar_Exp64             0x0800153d  0x348  Code  Gb  iar_Exp64.o [4]
__iar_Pow64             0x08000121  0x690  Code  Lc  pow64.o [4]
__iar_copy_init3        0x08004779   0x2c  Code  Gb  copy_init3.o [5]
__iar_dadd              0x080011f1         Code  Gb  DblSub.o [4]
__iar_data_init3        0x080047a5   0x28  Code  Gb  data_init.o [5]
__iar_dsub              0x08001019         Code  Gb  DblAdd.o [4]
__iar_dsubStart         0x0800102b         Code  Gb  DblAdd.o [4]
__iar_frexp             0x08000c95         Code  Gb  frexp.o [4]
__iar_frexp64           0x08000c89         Code  Gb  frexp.o [4]
__iar_frexpl            0x08000c95         Code  Gb  frexp.o [4]
__iar_ldexp64           0x08000d29         Code  Gb  ldexp.o [4]
__iar_pow64             0x08000839    0xc  Code  Gb  pow64.o [4]
__iar_pow_medium        0x08000839    0xc  Code  Gb  pow64.o [4]
__iar_pow_medium64      0x08000839    0xc  Code  Gb  pow64.o [4]
__iar_pow_mediuml       0x08000839    0xc  Code  Gb  pow64.o [4]
__iar_program_start     0x08004879         Code  Gb  cstartup_M.o [5]
__iar_scalbln64         0x08000d29         Code  Gb  ldexp.o [4]
__iar_scalbn64          0x08000d29         Code  Gb  ldexp.o [4]
__iar_systems$$module {Abs}
                        0x00000001         Data  Gb  command line/config [2]
__iar_zero_init3        0x080046a9   0x40  Code  Gb  zero_init3.o [5]
__low_level_init        0x0800480f    0x4  Code  Gb  low_level_init.o [3]
__vector_table          0x08000000         Data  Gb  startup_stm32f100xb.o [1]
_call_main              0x080047fd         Code  Gb  cmain.o [5]
_exit                   0x08004819         Code  Gb  cexit.o [5]
_main                   0x0800480b         Code  Gb  cmain.o [5]
b                       0x20000215    0x1  Data  Gb  MS5611.o [1]
exit                    0x08004813    0x4  Code  Gb  exit.o [3]
frexp                   0x08000c89         Code  Gb  frexp.o [4]
frexpl                  0x08000c89         Code  Gb  frexp.o [4]
hdma_usart1_rx          0x200000bc   0x44  Data  Gb  usart.o [1]
hdma_usart1_tx          0x20000100   0x44  Data  Gb  usart.o [1]
hspi1                   0x2000000c   0x58  Data  Gb  spi.o [1]
hspi2                   0x20000064   0x58  Data  Gb  spi.o [1]
huart1                  0x20000144   0x40  Data  Gb  usart.o [1]
ldexp                   0x08000d29         Code  Gb  ldexp.o [4]
ldexpl                  0x08000d29         Code  Gb  ldexp.o [4]
lnbias                  0x08000848  0x420  Data  Lc  pow64.o [4]
main                    0x08002cd9  0x2a8  Code  Gb  main.o [1]
main::C                 0x200001c4   0x10  Data  Lc  main.o [1]
main::D1                0x20000200    0x4  Data  Lc  main.o [1]
main::D2                0x20000204    0x4  Data  Lc  main.o [1]
main::MS5611_crc        0x20000214    0x1  Data  Lc  main.o [1]
main::OFF               0x200001f0    0x8  Data  Lc  main.o [1]
main::P                 0x200001d8    0x8  Data  Lc  main.o [1]
main::RX_UART_buffer    0x20000184   0x20  Data  Lc  main.o [1]
main::SENS              0x200001f8    0x8  Data  Lc  main.o [1]
main::T                 0x200001e0    0x8  Data  Lc  main.o [1]
main::TX_UART_buffer    0x200001a4   0x20  Data  Lc  main.o [1]
main::dT                0x200001e8    0x8  Data  Lc  main.o [1]
pow                     0x08000839    0xc  Code  Gb  pow64.o [4]
powl                    0x08000839    0xc  Code  Gb  pow64.o [4]
scalbln                 0x08000d29         Code  Gb  ldexp.o [4]
scalblnl                0x08000d29         Code  Gb  ldexp.o [4]
scalbn                  0x08000d29         Code  Gb  ldexp.o [4]
scalbnl                 0x08000d29         Code  Gb  ldexp.o [4]
uwTick                  0x20000210    0x4  Data  Gb  stm32f1xx_hal.o [1]
uwTickFreq              0x20000008    0x1  Data  Gb  stm32f1xx_hal.o [1]
uwTickPrio              0x20000000    0x4  Data  Gb  stm32f1xx_hal.o [1]


[1] = C:\PROJECTS\LeakageTester\LeakTest\EWARM\LeakTest\Obj
[2] = command line
[3] = dl7M_tlf.a
[4] = m7M_tl.a
[5] = rt7M_tl.a
[6] = shb_l.a

  18 480 bytes of readonly  code memory
     248 bytes of readonly  data memory
   1 558 bytes of readwrite data memory

Errors: none
Warnings: none
