###############################################################################
#
# IAR ELF Linker V8.22.1.15669/W32 for ARM                04/Feb/2019  19:16:20
# Copyright 2007-2018 IAR Systems AB.
#
#    Output file  =  
#        C:\PROJECTS\LeakageTester\LeakTest\EWARM\LeakTest\Exe\LeakTest.out
#    Map file     =  
#        C:\PROJECTS\LeakageTester\LeakTest\EWARM\LeakTest\List\LeakTest.map
#    Command line =  
#        -f C:\Users\H249897\AppData\Local\Temp\EW9FE9.tmp
#        (C:\PROJECTS\LeakageTester\LeakTest\EWARM\LeakTest\Obj\dma.o
#        C:\PROJECTS\LeakageTester\LeakTest\EWARM\LeakTest\Obj\gpio.o
#        C:\PROJECTS\LeakageTester\LeakTest\EWARM\LeakTest\Obj\main.o
#        C:\PROJECTS\LeakageTester\LeakTest\EWARM\LeakTest\Obj\MS5611.o
#        C:\PROJECTS\LeakageTester\LeakTest\EWARM\LeakTest\Obj\rtc.o
#        C:\PROJECTS\LeakageTester\LeakTest\EWARM\LeakTest\Obj\spi.o
#        C:\PROJECTS\LeakageTester\LeakTest\EWARM\LeakTest\Obj\startup_stm32f100xb.o
#        C:\PROJECTS\LeakageTester\LeakTest\EWARM\LeakTest\Obj\stm32f1xx_hal.o
#        C:\PROJECTS\LeakageTester\LeakTest\EWARM\LeakTest\Obj\stm32f1xx_hal_cortex.o
#        C:\PROJECTS\LeakageTester\LeakTest\EWARM\LeakTest\Obj\stm32f1xx_hal_dma.o
#        C:\PROJECTS\LeakageTester\LeakTest\EWARM\LeakTest\Obj\stm32f1xx_hal_flash.o
#        C:\PROJECTS\LeakageTester\LeakTest\EWARM\LeakTest\Obj\stm32f1xx_hal_flash_ex.o
#        C:\PROJECTS\LeakageTester\LeakTest\EWARM\LeakTest\Obj\stm32f1xx_hal_gpio.o
#        C:\PROJECTS\LeakageTester\LeakTest\EWARM\LeakTest\Obj\stm32f1xx_hal_gpio_ex.o
#        C:\PROJECTS\LeakageTester\LeakTest\EWARM\LeakTest\Obj\stm32f1xx_hal_msp.o
#        C:\PROJECTS\LeakageTester\LeakTest\EWARM\LeakTest\Obj\stm32f1xx_hal_pwr.o
#        C:\PROJECTS\LeakageTester\LeakTest\EWARM\LeakTest\Obj\stm32f1xx_hal_rcc.o
#        C:\PROJECTS\LeakageTester\LeakTest\EWARM\LeakTest\Obj\stm32f1xx_hal_rcc_ex.o
#        C:\PROJECTS\LeakageTester\LeakTest\EWARM\LeakTest\Obj\stm32f1xx_hal_spi.o
#        C:\PROJECTS\LeakageTester\LeakTest\EWARM\LeakTest\Obj\stm32f1xx_hal_spi_ex.o
#        C:\PROJECTS\LeakageTester\LeakTest\EWARM\LeakTest\Obj\stm32f1xx_hal_tim.o
#        C:\PROJECTS\LeakageTester\LeakTest\EWARM\LeakTest\Obj\stm32f1xx_hal_tim_ex.o
#        C:\PROJECTS\LeakageTester\LeakTest\EWARM\LeakTest\Obj\stm32f1xx_hal_uart.o
#        C:\PROJECTS\LeakageTester\LeakTest\EWARM\LeakTest\Obj\stm32f1xx_it.o
#        C:\PROJECTS\LeakageTester\LeakTest\EWARM\LeakTest\Obj\stm32f1xx_ll_exti.o
#        C:\PROJECTS\LeakageTester\LeakTest\EWARM\LeakTest\Obj\stm32f1xx_ll_gpio.o
#        C:\PROJECTS\LeakageTester\LeakTest\EWARM\LeakTest\Obj\stm32f1xx_ll_rcc.o
#        C:\PROJECTS\LeakageTester\LeakTest\EWARM\LeakTest\Obj\stm32f1xx_ll_rtc.o
#        C:\PROJECTS\LeakageTester\LeakTest\EWARM\LeakTest\Obj\stm32f1xx_ll_utils.o
#        C:\PROJECTS\LeakageTester\LeakTest\EWARM\LeakTest\Obj\system_stm32f1xx.o
#        C:\PROJECTS\LeakageTester\LeakTest\EWARM\LeakTest\Obj\usart.o
#        --redirect _Printf=_PrintfFull --redirect _Scanf=_ScanfFull -o
#        C:\PROJECTS\LeakageTester\LeakTest\EWARM\LeakTest\Exe\LeakTest.out
#        --map
#        C:\PROJECTS\LeakageTester\LeakTest\EWARM\LeakTest\List\LeakTest.map
#        --config
#        C:\PROJECTS\LeakageTester\LeakTest\EWARM/stm32f100xb_flash.icf
#        --semihosting --entry __iar_program_start --vfe --text_out locale)
#
###############################################################################

*******************************************************************************
*** RUNTIME MODEL ATTRIBUTES
***

CppFlavor       = *
__SystemLibrary = DLib
__dlib_version  = 6


*******************************************************************************
*** HEAP SELECTION
***

The basic heap was selected because no calls to memory allocation
functions were found in the application outside of system library
functions, and there are calls to deallocation functions in the
application.


*******************************************************************************
*** PLACEMENT SUMMARY
***

"A0":  place at 0x08000000 { ro section .intvec };
"P1":  place in [from 0x08000000 to 0x0801ffff] { ro };
define block CSTACK with size = 1K, alignment = 8 { };
define block HEAP with size = 512, alignment = 8 { };
"P2":  place in [from 0x20000000 to 0x20001fff] {
          rw, block CSTACK, block HEAP };
initialize by copy { rw };

  Section            Kind        Address    Size  Object
  -------            ----        -------    ----  ------
"A0":                                      0x120
  .intvec            ro code  0x08000000   0x120  startup_stm32f100xb.o [1]
                            - 0x08000120   0x120

"P1":                                     0x2a68
  .text              ro code  0x08000120   0x68c  stm32f1xx_hal_rcc.o [1]
  .text              ro code  0x080007ac     0xc  stm32f1xx_hal.o [1]
  .text              ro code  0x080007b8    0x4c  stm32f1xx_hal.o [1]
  .text              ro code  0x08000804    0x86  ABImemcpy.o [4]
  .text              ro code  0x0800088c   0x176  stm32f1xx_hal_cortex.o [1]
  .text              ro code  0x08000a04   0x674  stm32f1xx_hal_spi.o [1]
  .text              ro code  0x08001078   0x380  stm32f1xx_hal_dma.o [1]
  .text              ro code  0x080013f8     0x2  stm32f1xx_hal_spi.o [1]
  .text              ro code  0x080013fa     0x2  stm32f1xx_hal_spi.o [1]
  .text              ro code  0x080013fc     0x2  stm32f1xx_hal_spi.o [1]
  .text              ro code  0x080013fe     0x2  stm32f1xx_hal_spi.o [1]
  .text              ro code  0x08001400     0x2  stm32f1xx_hal_spi.o [1]
  .text              ro code  0x08001402     0x2  stm32f1xx_hal_spi.o [1]
  .text              ro code  0x08001404     0x2  stm32f1xx_hal_spi.o [1]
  .text              ro code  0x08001408   0x630  stm32f1xx_hal_uart.o [1]
  .text              ro code  0x08001a38    0xc4  usart.o [1]
  .text              ro code  0x08001afc     0x2  stm32f1xx_hal_uart.o [1]
  .text              ro code  0x08001afe     0x2  stm32f1xx_hal_uart.o [1]
  .text              ro code  0x08001b00     0x2  stm32f1xx_hal_uart.o [1]
  .text              ro code  0x08001b04   0x122  main.o [1]
  .text              ro code  0x08001c28   0x288  stm32f1xx_hal_gpio.o [1]
  .text              ro code  0x08001eb0    0x16  stm32f1xx_hal.o [1]
  .text              ro code  0x08001ec8    0x7c  gpio.o [1]
  .text              ro code  0x08001f44    0x60  dma.o [1]
  .text              ro code  0x08001fa4   0x304  spi.o [1]
  .text              ro code  0x080022a8   0x144  rtc.o [1]
  .text              ro code  0x080023ec    0x28  stm32f1xx_hal.o [1]
  .text              ro code  0x08002414   0x10c  stm32f1xx_hal_rcc_ex.o [1]
  .text              ro code  0x08002520    0x90  stm32f1xx_hal_msp.o [1]
  .text              ro code  0x080025b0    0x7e  stm32f1xx_hal_spi_ex.o [1]
  .text              ro code  0x08002630   0x1e2  stm32f1xx_ll_rtc.o [1]
  .text              ro code  0x08002814    0x74  stm32f1xx_it.o [1]
  .text              ro code  0x08002888    0x18  stm32f1xx_hal.o [1]
  .text              ro code  0x080028a0    0x70  system_stm32f1xx.o [1]
  .text              ro code  0x08002910    0x40  zero_init3.o [4]
  .rodata            const    0x08002950    0x30  main.o [1]
  .rodata            const    0x08002980    0x30  spi.o [1]
  .rodata            const    0x080029b0    0x30  usart.o [1]
  .text              ro code  0x080029e0    0x2c  copy_init3.o [4]
  .text              ro code  0x08002a0c    0x28  data_init.o [4]
  .iar.init_table    const    0x08002a34    0x24  - Linker created -
  .text              ro code  0x08002a58    0x1e  cmain.o [4]
  .text              ro code  0x08002a76     0x4  low_level_init.o [3]
  .text              ro code  0x08002a7a     0x4  exit.o [3]
  .text              ro code  0x08002a80     0xa  cexit.o [4]
  .text              ro code  0x08002a8c    0x14  exit.o [5]
  .rodata            const    0x08002aa0    0x10  stm32f1xx_hal_rcc.o [1]
  .rodata            const    0x08002ab0    0x10  stm32f1xx_hal_rcc.o [1]
  .rodata            const    0x08002ac0    0x10  system_stm32f1xx.o [1]
  .text              ro code  0x08002ad0    0x10  startup_stm32f100xb.o [1]
  .text              ro code  0x08002ae0     0xc  cstartup_M.o [4]
  Initializer bytes  const    0x08002aec     0xc  <for P2-1>
  .rodata            const    0x08002af8     0x8  system_stm32f1xx.o [1]
  .text              ro code  0x08002b00     0x4  startup_stm32f100xb.o [1]
  .text              ro code  0x08002b04     0x4  startup_stm32f100xb.o [1]
  .text              ro code  0x08002b08     0x4  startup_stm32f100xb.o [1]
  .text              ro code  0x08002b0c     0x4  startup_stm32f100xb.o [1]
  .text              ro code  0x08002b10     0x4  startup_stm32f100xb.o [1]
  .text              ro code  0x08002b14     0x4  startup_stm32f100xb.o [1]
  .text              ro code  0x08002b18     0x4  startup_stm32f100xb.o [1]
  .text              ro code  0x08002b1c     0x4  startup_stm32f100xb.o [1]
  .text              ro code  0x08002b20     0x4  startup_stm32f100xb.o [1]
  .text              ro code  0x08002b24     0x4  startup_stm32f100xb.o [1]
  .text              ro code  0x08002b28     0x4  startup_stm32f100xb.o [1]
  .text              ro code  0x08002b2c     0x4  startup_stm32f100xb.o [1]
  .text              ro code  0x08002b30     0x4  startup_stm32f100xb.o [1]
  .text              ro code  0x08002b34     0x4  startup_stm32f100xb.o [1]
  .text              ro code  0x08002b38     0x4  startup_stm32f100xb.o [1]
  .text              ro code  0x08002b3c     0x4  startup_stm32f100xb.o [1]
  .text              ro code  0x08002b40     0x4  startup_stm32f100xb.o [1]
  .text              ro code  0x08002b44     0x4  startup_stm32f100xb.o [1]
  .text              ro code  0x08002b48     0x4  startup_stm32f100xb.o [1]
  .text              ro code  0x08002b4c     0x4  startup_stm32f100xb.o [1]
  .text              ro code  0x08002b50     0x4  startup_stm32f100xb.o [1]
  .text              ro code  0x08002b54     0x4  startup_stm32f100xb.o [1]
  .text              ro code  0x08002b58     0x4  startup_stm32f100xb.o [1]
  .text              ro code  0x08002b5c     0x4  startup_stm32f100xb.o [1]
  .text              ro code  0x08002b60     0x4  startup_stm32f100xb.o [1]
  .text              ro code  0x08002b64     0x4  startup_stm32f100xb.o [1]
  .text              ro code  0x08002b68     0x4  startup_stm32f100xb.o [1]
  .text              ro code  0x08002b6c     0x4  startup_stm32f100xb.o [1]
  .text              ro code  0x08002b70     0x4  startup_stm32f100xb.o [1]
  .text              ro code  0x08002b74     0x4  startup_stm32f100xb.o [1]
  .text              ro code  0x08002b78     0x4  startup_stm32f100xb.o [1]
  .text              ro code  0x08002b7c     0x4  startup_stm32f100xb.o [1]
  .text              ro code  0x08002b80     0x4  startup_stm32f100xb.o [1]
  .text              ro code  0x08002b84     0x4  startup_stm32f100xb.o [1]
  .rodata            const    0x08002b88     0x0  zero_init3.o [4]
  .rodata            const    0x08002b88     0x0  copy_init3.o [4]
                            - 0x08002b88  0x2a68

"P2", part 1 of 3:                           0xc
  P2-1                        0x20000000     0x9  <Init block>
    .data            inited   0x20000000     0x4  stm32f1xx_hal.o [1]
    .data            inited   0x20000004     0x4  system_stm32f1xx.o [1]
    .data            inited   0x20000008     0x1  stm32f1xx_hal.o [1]
                            - 0x20000009     0x9

"P2", part 2 of 3:                         0x304
  .bss               zero     0x2000000c    0x80  main.o [1]
  .bss               zero     0x2000008c    0x80  main.o [1]
  .bss               zero     0x2000010c    0x58  spi.o [1]
  .bss               zero     0x20000164    0x58  spi.o [1]
  .bss               zero     0x200001bc    0x44  spi.o [1]
  .bss               zero     0x20000200    0x44  spi.o [1]
  .bss               zero     0x20000244    0x44  spi.o [1]
  .bss               zero     0x20000288    0x44  spi.o [1]
  .bss               zero     0x200002cc    0x40  usart.o [1]
  .bss               zero     0x2000030c     0x4  stm32f1xx_hal.o [1]
                            - 0x20000310   0x304

"P2", part 3 of 3:                         0x400
  CSTACK                      0x20000310   0x400  <Block>
    CSTACK           uninit   0x20000310   0x400  <Block tail>
                            - 0x20000710   0x400


*******************************************************************************
*** INIT TABLE
***

          Address     Size
          -------     ----
Zero (__iar_zero_init3)
    1 destination range, total size 0x304:
          0x2000000c  0x304

Copy (__iar_copy_init3)
    1 source range, total size 0xc (133% of destination):
          0x08002aec    0xc
    1 destination range, total size 0x9:
          0x20000000    0x9



*******************************************************************************
*** MODULE SUMMARY
***

    Module                  ro code  ro data  rw data
    ------                  -------  -------  -------
C:\PROJECTS\LeakageTester\LeakTest\EWARM\LeakTest\Obj: [1]
    dma.o                        96
    gpio.o                      124
    main.o                      290       48      256
    rtc.o                       324
    spi.o                       772       48      448
    startup_stm32f100xb.o       440
    stm32f1xx_hal.o             174        5        9
    stm32f1xx_hal_cortex.o      374
    stm32f1xx_hal_dma.o         896
    stm32f1xx_hal_gpio.o        648
    stm32f1xx_hal_msp.o         144
    stm32f1xx_hal_rcc.o       1 676       32
    stm32f1xx_hal_rcc_ex.o      268
    stm32f1xx_hal_spi.o       1 666
    stm32f1xx_hal_spi_ex.o      126
    stm32f1xx_hal_uart.o      1 590
    stm32f1xx_it.o              116
    stm32f1xx_ll_rtc.o          482
    system_stm32f1xx.o          112       28        4
    usart.o                     196       48       64
    -------------------------------------------------
    Total:                   10 514      209      781

command line: [2]
    -------------------------------------------------
    Total:

dl7M_tlf.a: [3]
    exit.o                        4
    low_level_init.o              4
    -------------------------------------------------
    Total:                        8

rt7M_tl.a: [4]
    ABImemcpy.o                 134
    cexit.o                      10
    cmain.o                      30
    copy_init3.o                 44
    cstartup_M.o                 12
    data_init.o                  40
    zero_init3.o                 64
    -------------------------------------------------
    Total:                      334

shb_l.a: [5]
    exit.o                       20
    -------------------------------------------------
    Total:                       20

    Gaps                         20
    Linker created                        39    1 024
-----------------------------------------------------
    Grand Total:             10 896      248    1 805


*******************************************************************************
*** ENTRY LIST
***

Entry                      Address   Size  Type      Object
-----                      -------   ----  ----      ------
.iar.init_table$$Base   0x08002a34          --   Gb  - Linker created -
.iar.init_table$$Limit  0x08002a58          --   Gb  - Linker created -
?main                   0x08002a59         Code  Gb  cmain.o [4]
AHBPrescTable           0x08002ac0   0x10  Data  Gb  system_stm32f1xx.o [1]
APBPrescTable           0x08002af8    0x8  Data  Gb  system_stm32f1xx.o [1]
BusFault_Handler        0x0800281b    0x2  Code  Gb  stm32f1xx_it.o [1]
CSTACK$$Base            0x20000310          --   Gb  - Linker created -
CSTACK$$Limit           0x20000710          --   Gb  - Linker created -
DMA1_Channel2_IRQHandler
                        0x08002833    0xa  Code  Gb  stm32f1xx_it.o [1]
DMA1_Channel3_IRQHandler
                        0x0800283d    0xa  Code  Gb  stm32f1xx_it.o [1]
DMA1_Channel4_IRQHandler
                        0x08002847    0xa  Code  Gb  stm32f1xx_it.o [1]
DMA1_Channel5_IRQHandler
                        0x08002851    0xa  Code  Gb  stm32f1xx_it.o [1]
DMA_SetConfig           0x080013cd   0x2c  Code  Lc  stm32f1xx_hal_dma.o [1]
DebugMon_Handler        0x08002821    0x2  Code  Gb  stm32f1xx_it.o [1]
HAL_DMA_Abort_IT        0x0800118b   0xb4  Code  Gb  stm32f1xx_hal_dma.o [1]
HAL_DMA_IRQHandler      0x0800123f  0x16a  Code  Gb  stm32f1xx_hal_dma.o [1]
HAL_DMA_Init            0x08001079   0x7a  Code  Gb  stm32f1xx_hal_dma.o [1]
HAL_DMA_Start_IT        0x080010f3   0x98  Code  Gb  stm32f1xx_hal_dma.o [1]
HAL_Delay               0x080023ed   0x28  Code  Wk  stm32f1xx_hal.o [1]
HAL_GPIO_Init           0x08001c29  0x22e  Code  Gb  stm32f1xx_hal_gpio.o [1]
HAL_GPIO_WritePin       0x08001e57   0x1a  Code  Gb  stm32f1xx_hal_gpio.o [1]
HAL_GetTick             0x080007ad    0xc  Code  Wk  stm32f1xx_hal.o [1]
HAL_IncTick             0x08002889   0x18  Code  Wk  stm32f1xx_hal.o [1]
HAL_Init                0x08001eb1   0x16  Code  Gb  stm32f1xx_hal.o [1]
HAL_InitTick            0x080007b9   0x4c  Code  Wk  stm32f1xx_hal.o [1]
HAL_MspInit             0x08002521   0x90  Code  Gb  stm32f1xx_hal_msp.o [1]
HAL_NVIC_EnableIRQ      0x0800099d    0xe  Code  Gb  stm32f1xx_hal_cortex.o [1]
HAL_NVIC_SetPriority    0x08000973   0x2a  Code  Gb  stm32f1xx_hal_cortex.o [1]
HAL_NVIC_SetPriorityGrouping
                        0x08000967    0xc  Code  Gb  stm32f1xx_hal_cortex.o [1]
HAL_RCCEx_PeriphCLKConfig
                        0x08002415   0xf8  Code  Gb  stm32f1xx_hal_rcc_ex.o [1]
HAL_RCC_ClockConfig     0x08000577  0x124  Code  Gb  stm32f1xx_hal_rcc.o [1]
HAL_RCC_GetHCLKFreq     0x0800070f    0x6  Code  Gb  stm32f1xx_hal_rcc.o [1]
HAL_RCC_GetPCLK1Freq    0x08000715   0x16  Code  Gb  stm32f1xx_hal_rcc.o [1]
HAL_RCC_GetPCLK2Freq    0x0800072b   0x16  Code  Gb  stm32f1xx_hal_rcc.o [1]
HAL_RCC_GetSysClockFreq
                        0x0800069b   0x74  Code  Gb  stm32f1xx_hal_rcc.o [1]
HAL_RCC_OscConfig       0x08000121  0x456  Code  Gb  stm32f1xx_hal_rcc.o [1]
HAL_SPI_IRQHandler      0x08000d17   0xf8  Code  Gb  stm32f1xx_hal_spi.o [1]
HAL_SPI_Init            0x080025b1   0x7e  Code  Gb  stm32f1xx_hal_spi_ex.o [1]
HAL_SPI_MspInit         0x08002073  0x1f0  Code  Gb  spi.o [1]
HAL_SPI_Receive_DMA     0x08000adf   0xfa  Code  Gb  stm32f1xx_hal_spi.o [1]
HAL_SPI_TransmitReceive_DMA
                        0x08000bd9  0x13e  Code  Gb  stm32f1xx_hal_spi.o [1]
HAL_SPI_Transmit_DMA    0x08000a05   0xda  Code  Gb  stm32f1xx_hal_spi.o [1]
HAL_SYSTICK_CLKSourceConfig
                        0x080009b7   0x20  Code  Gb  stm32f1xx_hal_cortex.o [1]
HAL_SYSTICK_Config      0x080009ab    0xc  Code  Gb  stm32f1xx_hal_cortex.o [1]
HAL_SYSTICK_IRQHandler  0x080009f9    0x8  Code  Gb  stm32f1xx_hal_cortex.o [1]
HAL_UART_IRQHandler     0x0800147f  0x14a  Code  Gb  stm32f1xx_hal_uart.o [1]
HAL_UART_Init           0x08001409   0x76  Code  Gb  stm32f1xx_hal_uart.o [1]
HAL_UART_MspInit        0x08001a81   0x66  Code  Gb  usart.o [1]
HardFault_Handler       0x08002817    0x2  Code  Gb  stm32f1xx_it.o [1]
LL_APB1_GRP1_EnableClock
                        0x08002337   0x1a  Code  Lc  rtc.o [1]
LL_PWR_EnableBkUpAccess
                        0x0800235f    0xe  Code  Lc  rtc.o [1]
LL_RCC_EnableRTC        0x08002351    0xe  Code  Lc  rtc.o [1]
LL_RTC_ClearFlag_ALR    0x08002685    0xa  Code  Lc  stm32f1xx_ll_rtc.o [1]
LL_RTC_ClearFlag_OW     0x080026a3    0xa  Code  Lc  stm32f1xx_ll_rtc.o [1]
LL_RTC_ClearFlag_RS     0x08002699    0xa  Code  Lc  stm32f1xx_ll_rtc.o [1]
LL_RTC_ClearFlag_SEC    0x080026ad    0xa  Code  Lc  stm32f1xx_ll_rtc.o [1]
LL_RTC_DisableWriteProtection
                        0x0800266d    0xa  Code  Lc  stm32f1xx_ll_rtc.o [1]
LL_RTC_EnableWriteProtection
                        0x08002663    0xa  Code  Lc  stm32f1xx_ll_rtc.o [1]
LL_RTC_EnterInitMode    0x08002729   0x4e  Code  Gb  stm32f1xx_ll_rtc.o [1]
LL_RTC_ExitInitMode     0x08002777   0x4e  Code  Gb  stm32f1xx_ll_rtc.o [1]
LL_RTC_Init             0x080026c1   0x5a  Code  Gb  stm32f1xx_ll_rtc.o [1]
LL_RTC_IsActiveFlag_RS  0x0800268f    0xa  Code  Lc  stm32f1xx_ll_rtc.o [1]
LL_RTC_IsActiveFlag_RTOF
                        0x080026b7    0xa  Code  Lc  stm32f1xx_ll_rtc.o [1]
LL_RTC_SetAsynchPrescaler
                        0x0800236d   0x1a  Code  Lc  rtc.o [1]
LL_RTC_SetAsynchPrescaler
                        0x0800263d   0x1a  Code  Lc  stm32f1xx_ll_rtc.o [1]
LL_RTC_SetOutputSource  0x08002657    0xc  Code  Lc  stm32f1xx_ll_rtc.o [1]
LL_RTC_TAMPER_Disable   0x08002677    0xe  Code  Lc  stm32f1xx_ll_rtc.o [1]
LL_RTC_WaitForSynchro   0x080027c5   0x4e  Code  Gb  stm32f1xx_ll_rtc.o [1]
LL_SYSTICK_IsActiveCounterFlag
                        0x08002631    0xc  Code  Lc  stm32f1xx_ll_rtc.o [1]
MX_DMA_Init             0x08001f45   0x60  Code  Gb  dma.o [1]
MX_GPIO_Init            0x08001ec9   0x7c  Code  Gb  gpio.o [1]
MX_RTC_Init             0x08002387   0x46  Code  Gb  rtc.o [1]
MX_SPI1_Init            0x08001fa5   0x6c  Code  Gb  spi.o [1]
MX_SPI2_Init            0x08002011   0x62  Code  Gb  spi.o [1]
MX_USART1_UART_Init     0x08001a39   0x48  Code  Gb  usart.o [1]
MemManage_Handler       0x08002819    0x2  Code  Gb  stm32f1xx_it.o [1]
NMI_Handler             0x08002815    0x2  Code  Gb  stm32f1xx_it.o [1]
NVIC_EnableIRQ          0x080022b3   0x16  Code  Lc  rtc.o [1]
NVIC_EnableIRQ          0x080008b3   0x16  Code  Lc  stm32f1xx_hal_cortex.o [1]
NVIC_EncodePriority     0x080022f5   0x42  Code  Lc  rtc.o [1]
NVIC_EncodePriority     0x080008f5   0x42  Code  Lc  stm32f1xx_hal_cortex.o [1]
NVIC_GetPriorityGrouping
                        0x080022a9    0xa  Code  Lc  rtc.o [1]
NVIC_GetPriorityGrouping
                        0x080008a9    0xa  Code  Lc  stm32f1xx_hal_cortex.o [1]
NVIC_SetPriority        0x080022c9   0x2c  Code  Lc  rtc.o [1]
NVIC_SetPriority        0x080008c9   0x2c  Code  Lc  stm32f1xx_hal_cortex.o [1]
NVIC_SetPriorityGrouping
                        0x0800088d   0x1c  Code  Lc  stm32f1xx_hal_cortex.o [1]
PendSV_Handler          0x08002823    0x2  Code  Gb  stm32f1xx_it.o [1]
RCC_Delay               0x08000741   0x26  Code  Lc  stm32f1xx_hal_rcc.o [1]
RTC_IRQHandler          0x08002831    0x2  Code  Gb  stm32f1xx_it.o [1]
Region$$Table$$Base     0x08002a34          --   Gb  - Linker created -
Region$$Table$$Limit    0x08002a58          --   Gb  - Linker created -
SPI1_Buffer_Rx          0x2000008c   0x80  Data  Gb  main.o [1]
SPI1_IRQHandler         0x0800285b    0xa  Code  Gb  stm32f1xx_it.o [1]
SPI2_Buffer_Tx          0x2000000c   0x80  Data  Gb  main.o [1]
SPI_CheckFlag_BSY       0x0800104f   0x2a  Code  Lc  stm32f1xx_hal_spi.o [1]
SPI_DMAAbortOnError     0x08000f95   0x16  Code  Lc  stm32f1xx_hal_spi.o [1]
SPI_DMAError            0x08000f6d   0x28  Code  Lc  stm32f1xx_hal_spi.o [1]
SPI_DMAHalfReceiveCplt  0x08000f4d    0xe  Code  Lc  stm32f1xx_hal_spi.o [1]
SPI_DMAHalfTransmitCplt
                        0x08000f3d    0xe  Code  Lc  stm32f1xx_hal_spi.o [1]
SPI_DMAHalfTransmitReceiveCplt
                        0x08000f5d    0xe  Code  Lc  stm32f1xx_hal_spi.o [1]
SPI_DMAReceiveCplt      0x08000e81   0x5e  Code  Lc  stm32f1xx_hal_spi.o [1]
SPI_DMATransmitCplt     0x08000e11   0x70  Code  Lc  stm32f1xx_hal_spi.o [1]
SPI_DMATransmitReceiveCplt
                        0x08000ee1   0x5c  Code  Lc  stm32f1xx_hal_spi.o [1]
SPI_WaitFlagStateUntilTimeout
                        0x08000fad   0xa2  Code  Lc  stm32f1xx_hal_spi.o [1]
SVC_Handler             0x0800281f    0x2  Code  Gb  stm32f1xx_it.o [1]
SysTick_Config          0x08000937   0x30  Code  Lc  stm32f1xx_hal_cortex.o [1]
SysTick_Handler         0x08002825    0xc  Code  Gb  stm32f1xx_it.o [1]
SystemClock_Config      0x08001b7b   0x94  Code  Gb  main.o [1]
SystemCoreClock         0x20000004    0x4  Data  Gb  system_stm32f1xx.o [1]
SystemInit              0x080028a1   0x54  Code  Gb  system_stm32f1xx.o [1]
UART_DMAAbortOnError    0x080015ed   0x16  Code  Lc  stm32f1xx_hal_uart.o [1]
UART_EndRxTransfer      0x080015c9   0x20  Code  Lc  stm32f1xx_hal_uart.o [1]
UART_EndTransmit_IT     0x08001673   0x20  Code  Lc  stm32f1xx_hal_uart.o [1]
UART_Receive_IT         0x08001693   0xae  Code  Lc  stm32f1xx_hal_uart.o [1]
UART_SetConfig          0x08001741  0x2ee  Code  Lc  stm32f1xx_hal_uart.o [1]
UART_Transmit_IT        0x08001605   0x6e  Code  Lc  stm32f1xx_hal_uart.o [1]
USART1_IRQHandler       0x08002865    0xa  Code  Gb  stm32f1xx_it.o [1]
UsageFault_Handler      0x0800281d    0x2  Code  Gb  stm32f1xx_it.o [1]
_Error_Handler          0x08001c25    0x2  Code  Gb  main.o [1]
__aeabi_memcpy4         0x08000805         Code  Gb  ABImemcpy.o [4]
__aeabi_memcpy8         0x08000805         Code  Gb  ABImemcpy.o [4]
__cmain                 0x08002a59         Code  Gb  cmain.o [4]
__exit                  0x08002a8d   0x14  Code  Gb  exit.o [5]
__iar_copy_init3        0x080029e1   0x2c  Code  Gb  copy_init3.o [4]
__iar_data_init3        0x08002a0d   0x28  Code  Gb  data_init.o [4]
__iar_program_start     0x08002ae1         Code  Gb  cstartup_M.o [4]
__iar_systems$$module {Abs}
                        0x00000001         Data  Gb  command line/config [2]
__iar_zero_init3        0x08002911   0x40  Code  Gb  zero_init3.o [4]
__low_level_init        0x08002a77    0x4  Code  Gb  low_level_init.o [3]
__vector_table          0x08000000         Data  Gb  startup_stm32f100xb.o [1]
_call_main              0x08002a65         Code  Gb  cmain.o [4]
_exit                   0x08002a81         Code  Gb  cexit.o [4]
_main                   0x08002a73         Code  Gb  cmain.o [4]
exit                    0x08002a7b    0x4  Code  Gb  exit.o [3]
hdma_spi1_rx            0x200001bc   0x44  Data  Gb  spi.o [1]
hdma_spi1_tx            0x20000200   0x44  Data  Gb  spi.o [1]
hdma_spi2_rx            0x20000244   0x44  Data  Gb  spi.o [1]
hdma_spi2_tx            0x20000288   0x44  Data  Gb  spi.o [1]
hspi1                   0x2000010c   0x58  Data  Gb  spi.o [1]
hspi2                   0x20000164   0x58  Data  Gb  spi.o [1]
huart1                  0x200002cc   0x40  Data  Gb  usart.o [1]
main                    0x08001b05   0x76  Code  Gb  main.o [1]
uwTick                  0x2000030c    0x4  Data  Gb  stm32f1xx_hal.o [1]
uwTickFreq              0x20000008    0x1  Data  Gb  stm32f1xx_hal.o [1]
uwTickPrio              0x20000000    0x4  Data  Gb  stm32f1xx_hal.o [1]


[1] = C:\PROJECTS\LeakageTester\LeakTest\EWARM\LeakTest\Obj
[2] = command line
[3] = dl7M_tlf.a
[4] = rt7M_tl.a
[5] = shb_l.a

  10 896 bytes of readonly  code memory
     248 bytes of readonly  data memory
   1 805 bytes of readwrite data memory

Errors: none
Warnings: none
