###############################################################################
#
# IAR ELF Linker V8.22.1.15669/W32 for ARM                01/Feb/2019  20:25:11
# Copyright 2007-2018 IAR Systems AB.
#
#    Output file  =  
#        C:\PROJECTS\LeakageTester\LeakTest\EWARM\LeakTest\Exe\LeakTest.out
#    Map file     =  
#        C:\PROJECTS\LeakageTester\LeakTest\EWARM\LeakTest\List\LeakTest.map
#    Command line =  
#        -f C:\Users\H249897\AppData\Local\Temp\EW91A7.tmp
#        (C:\PROJECTS\LeakageTester\LeakTest\EWARM\LeakTest\Obj\dma.o
#        C:\PROJECTS\LeakageTester\LeakTest\EWARM\LeakTest\Obj\gpio.o
#        C:\PROJECTS\LeakageTester\LeakTest\EWARM\LeakTest\Obj\main.o
#        C:\PROJECTS\LeakageTester\LeakTest\EWARM\LeakTest\Obj\rtc.o
#        C:\PROJECTS\LeakageTester\LeakTest\EWARM\LeakTest\Obj\spi.o
#        C:\PROJECTS\LeakageTester\LeakTest\EWARM\LeakTest\Obj\startup_stm32f100xb.o
#        C:\PROJECTS\LeakageTester\LeakTest\EWARM\LeakTest\Obj\stm32f1xx_hal.o
#        C:\PROJECTS\LeakageTester\LeakTest\EWARM\LeakTest\Obj\stm32f1xx_hal_cortex.o
#        C:\PROJECTS\LeakageTester\LeakTest\EWARM\LeakTest\Obj\stm32f1xx_hal_dma.o
#        C:\PROJECTS\LeakageTester\LeakTest\EWARM\LeakTest\Obj\stm32f1xx_hal_flash.o
#        C:\PROJECTS\LeakageTester\LeakTest\EWARM\LeakTest\Obj\stm32f1xx_hal_flash_ex.o
#        C:\PROJECTS\LeakageTester\LeakTest\EWARM\LeakTest\Obj\stm32f1xx_hal_gpio.o
#        C:\PROJECTS\LeakageTester\LeakTest\EWARM\LeakTest\Obj\stm32f1xx_hal_gpio_ex.o
#        C:\PROJECTS\LeakageTester\LeakTest\EWARM\LeakTest\Obj\stm32f1xx_hal_msp.o
#        C:\PROJECTS\LeakageTester\LeakTest\EWARM\LeakTest\Obj\stm32f1xx_hal_pwr.o
#        C:\PROJECTS\LeakageTester\LeakTest\EWARM\LeakTest\Obj\stm32f1xx_hal_rcc.o
#        C:\PROJECTS\LeakageTester\LeakTest\EWARM\LeakTest\Obj\stm32f1xx_hal_rcc_ex.o
#        C:\PROJECTS\LeakageTester\LeakTest\EWARM\LeakTest\Obj\stm32f1xx_hal_spi.o
#        C:\PROJECTS\LeakageTester\LeakTest\EWARM\LeakTest\Obj\stm32f1xx_hal_spi_ex.o
#        C:\PROJECTS\LeakageTester\LeakTest\EWARM\LeakTest\Obj\stm32f1xx_hal_tim.o
#        C:\PROJECTS\LeakageTester\LeakTest\EWARM\LeakTest\Obj\stm32f1xx_hal_tim_ex.o
#        C:\PROJECTS\LeakageTester\LeakTest\EWARM\LeakTest\Obj\stm32f1xx_hal_uart.o
#        C:\PROJECTS\LeakageTester\LeakTest\EWARM\LeakTest\Obj\stm32f1xx_it.o
#        C:\PROJECTS\LeakageTester\LeakTest\EWARM\LeakTest\Obj\stm32f1xx_ll_exti.o
#        C:\PROJECTS\LeakageTester\LeakTest\EWARM\LeakTest\Obj\stm32f1xx_ll_gpio.o
#        C:\PROJECTS\LeakageTester\LeakTest\EWARM\LeakTest\Obj\stm32f1xx_ll_rcc.o
#        C:\PROJECTS\LeakageTester\LeakTest\EWARM\LeakTest\Obj\stm32f1xx_ll_rtc.o
#        C:\PROJECTS\LeakageTester\LeakTest\EWARM\LeakTest\Obj\stm32f1xx_ll_utils.o
#        C:\PROJECTS\LeakageTester\LeakTest\EWARM\LeakTest\Obj\system_stm32f1xx.o
#        C:\PROJECTS\LeakageTester\LeakTest\EWARM\LeakTest\Obj\usart.o
#        --redirect _Printf=_PrintfFull --redirect _Scanf=_ScanfFull -o
#        C:\PROJECTS\LeakageTester\LeakTest\EWARM\LeakTest\Exe\LeakTest.out
#        --map
#        C:\PROJECTS\LeakageTester\LeakTest\EWARM\LeakTest\List\LeakTest.map
#        --config
#        C:\PROJECTS\LeakageTester\LeakTest\EWARM/stm32f100xb_flash.icf
#        --semihosting --entry __iar_program_start --vfe --text_out locale)
#
###############################################################################

*******************************************************************************
*** RUNTIME MODEL ATTRIBUTES
***

CppFlavor       = *
__SystemLibrary = DLib
__dlib_version  = 6


*******************************************************************************
*** HEAP SELECTION
***

The basic heap was selected because no calls to memory allocation
functions were found in the application outside of system library
functions, and there are calls to deallocation functions in the
application.


*******************************************************************************
*** PLACEMENT SUMMARY
***

"A0":  place at 0x08000000 { ro section .intvec };
"P1":  place in [from 0x08000000 to 0x0801ffff] { ro };
define block CSTACK with size = 1K, alignment = 8 { };
define block HEAP with size = 512, alignment = 8 { };
"P2":  place in [from 0x20000000 to 0x20001fff] {
          rw, block CSTACK, block HEAP };
initialize by copy { rw };

  Section            Kind        Address    Size  Object
  -------            ----        -------    ----  ------
"A0":                                      0x120
  .intvec            ro code  0x08000000   0x120  startup_stm32f100xb.o [1]
                            - 0x08000120   0x120

"P1":                                     0x28e0
  .text              ro code  0x08000120   0x68c  stm32f1xx_hal_rcc.o [1]
  .text              ro code  0x080007ac     0xc  stm32f1xx_hal.o [1]
  .text              ro code  0x080007b8    0x4c  stm32f1xx_hal.o [1]
  .text              ro code  0x08000804    0x86  ABImemcpy.o [4]
  .text              ro code  0x0800088c   0x176  stm32f1xx_hal_cortex.o [1]
  .text              ro code  0x08000a04   0x630  stm32f1xx_hal_uart.o [1]
  .text              ro code  0x08001034    0xc4  usart.o [1]
  .text              ro code  0x080010f8   0x380  stm32f1xx_hal_dma.o [1]
  .text              ro code  0x08001478     0x2  stm32f1xx_hal_uart.o [1]
  .text              ro code  0x0800147a     0x2  stm32f1xx_hal_uart.o [1]
  .text              ro code  0x0800147c     0x2  stm32f1xx_hal_uart.o [1]
  .text              ro code  0x08001480    0xf6  main.o [1]
  .text              ro code  0x08001578   0x288  stm32f1xx_hal_gpio.o [1]
  .text              ro code  0x08001800    0x16  stm32f1xx_hal.o [1]
  .text              ro code  0x08001818    0x7c  gpio.o [1]
  .text              ro code  0x08001894    0x60  dma.o [1]
  .text              ro code  0x080018f4   0x2f0  spi.o [1]
  .text              ro code  0x08001be4   0x144  rtc.o [1]
  .text              ro code  0x08001d28   0x564  stm32f1xx_hal_spi.o [1]
  .text              ro code  0x0800228c   0x10c  stm32f1xx_hal_rcc_ex.o [1]
  .text              ro code  0x08002398    0x90  stm32f1xx_hal_msp.o [1]
  .text              ro code  0x08002428    0x7e  stm32f1xx_hal_spi_ex.o [1]
  .text              ro code  0x080024a8   0x1e2  stm32f1xx_ll_rtc.o [1]
  .text              ro code  0x0800268a     0x2  stm32f1xx_hal_spi.o [1]
  .text              ro code  0x0800268c     0x2  stm32f1xx_hal_spi.o [1]
  .text              ro code  0x0800268e     0x2  stm32f1xx_hal_spi.o [1]
  .text              ro code  0x08002690     0x2  stm32f1xx_hal_spi.o [1]
  .text              ro code  0x08002692     0x2  stm32f1xx_hal_spi.o [1]
  .text              ro code  0x08002694     0x2  stm32f1xx_hal_spi.o [1]
  .text              ro code  0x08002696     0x2  stm32f1xx_hal_spi.o [1]
  .text              ro code  0x08002698    0x70  system_stm32f1xx.o [1]
  .text              ro code  0x08002708    0x64  stm32f1xx_it.o [1]
  .text              ro code  0x0800276c    0x18  stm32f1xx_hal.o [1]
  .text              ro code  0x08002784    0x40  zero_init3.o [4]
  .rodata            const    0x080027c4    0x30  main.o [1]
  .rodata            const    0x080027f4    0x30  spi.o [1]
  .rodata            const    0x08002824    0x30  usart.o [1]
  .text              ro code  0x08002854    0x2c  copy_init3.o [4]
  .text              ro code  0x08002880    0x28  data_init.o [4]
  .iar.init_table    const    0x080028a8    0x24  - Linker created -
  .text              ro code  0x080028cc    0x1e  cmain.o [4]
  .text              ro code  0x080028ea     0x4  low_level_init.o [3]
  .text              ro code  0x080028ee     0x4  exit.o [3]
  .text              ro code  0x080028f4     0xa  cexit.o [4]
  .text              ro code  0x08002900    0x14  exit.o [5]
  .rodata            const    0x08002914    0x10  stm32f1xx_hal_rcc.o [1]
  .rodata            const    0x08002924    0x10  stm32f1xx_hal_rcc.o [1]
  .rodata            const    0x08002934    0x10  system_stm32f1xx.o [1]
  .text              ro code  0x08002944    0x10  startup_stm32f100xb.o [1]
  .text              ro code  0x08002954     0xc  cstartup_M.o [4]
  Initializer bytes  const    0x08002960     0xc  <for P2-1>
  .rodata            const    0x0800296c     0x8  system_stm32f1xx.o [1]
  .text              ro code  0x08002974     0x4  startup_stm32f100xb.o [1]
  .text              ro code  0x08002978     0x4  startup_stm32f100xb.o [1]
  .text              ro code  0x0800297c     0x4  startup_stm32f100xb.o [1]
  .text              ro code  0x08002980     0x4  startup_stm32f100xb.o [1]
  .text              ro code  0x08002984     0x4  startup_stm32f100xb.o [1]
  .text              ro code  0x08002988     0x4  startup_stm32f100xb.o [1]
  .text              ro code  0x0800298c     0x4  startup_stm32f100xb.o [1]
  .text              ro code  0x08002990     0x4  startup_stm32f100xb.o [1]
  .text              ro code  0x08002994     0x4  startup_stm32f100xb.o [1]
  .text              ro code  0x08002998     0x4  startup_stm32f100xb.o [1]
  .text              ro code  0x0800299c     0x4  startup_stm32f100xb.o [1]
  .text              ro code  0x080029a0     0x4  startup_stm32f100xb.o [1]
  .text              ro code  0x080029a4     0x4  startup_stm32f100xb.o [1]
  .text              ro code  0x080029a8     0x4  startup_stm32f100xb.o [1]
  .text              ro code  0x080029ac     0x4  startup_stm32f100xb.o [1]
  .text              ro code  0x080029b0     0x4  startup_stm32f100xb.o [1]
  .text              ro code  0x080029b4     0x4  startup_stm32f100xb.o [1]
  .text              ro code  0x080029b8     0x4  startup_stm32f100xb.o [1]
  .text              ro code  0x080029bc     0x4  startup_stm32f100xb.o [1]
  .text              ro code  0x080029c0     0x4  startup_stm32f100xb.o [1]
  .text              ro code  0x080029c4     0x4  startup_stm32f100xb.o [1]
  .text              ro code  0x080029c8     0x4  startup_stm32f100xb.o [1]
  .text              ro code  0x080029cc     0x4  startup_stm32f100xb.o [1]
  .text              ro code  0x080029d0     0x4  startup_stm32f100xb.o [1]
  .text              ro code  0x080029d4     0x4  startup_stm32f100xb.o [1]
  .text              ro code  0x080029d8     0x4  startup_stm32f100xb.o [1]
  .text              ro code  0x080029dc     0x4  startup_stm32f100xb.o [1]
  .text              ro code  0x080029e0     0x4  startup_stm32f100xb.o [1]
  .text              ro code  0x080029e4     0x4  startup_stm32f100xb.o [1]
  .text              ro code  0x080029e8     0x4  startup_stm32f100xb.o [1]
  .text              ro code  0x080029ec     0x4  startup_stm32f100xb.o [1]
  .text              ro code  0x080029f0     0x4  startup_stm32f100xb.o [1]
  .text              ro code  0x080029f4     0x4  startup_stm32f100xb.o [1]
  .text              ro code  0x080029f8     0x4  startup_stm32f100xb.o [1]
  .text              ro code  0x080029fc     0x4  startup_stm32f100xb.o [1]
  .rodata            const    0x08002a00     0x0  zero_init3.o [4]
  .rodata            const    0x08002a00     0x0  copy_init3.o [4]
                            - 0x08002a00  0x28e0

"P2", part 1 of 3:                           0xc
  P2-1                        0x20000000     0x9  <Init block>
    .data            inited   0x20000000     0x4  stm32f1xx_hal.o [1]
    .data            inited   0x20000004     0x4  system_stm32f1xx.o [1]
    .data            inited   0x20000008     0x1  stm32f1xx_hal.o [1]
                            - 0x20000009     0x9

"P2", part 2 of 3:                         0x244
  .bss               zero     0x2000000c    0x58  spi.o [1]
  .bss               zero     0x20000064    0x58  spi.o [1]
  .bss               zero     0x200000bc    0x44  spi.o [1]
  .bss               zero     0x20000100    0x44  spi.o [1]
  .bss               zero     0x20000144    0x44  spi.o [1]
  .bss               zero     0x20000188    0x44  spi.o [1]
  .bss               zero     0x200001cc    0x40  usart.o [1]
  .bss               zero     0x2000020c    0x20  main.o [1]
  .bss               zero     0x2000022c    0x20  main.o [1]
  .bss               zero     0x2000024c     0x4  stm32f1xx_hal.o [1]
                            - 0x20000250   0x244

"P2", part 3 of 3:                         0x400
  CSTACK                      0x20000250   0x400  <Block>
    CSTACK           uninit   0x20000250   0x400  <Block tail>
                            - 0x20000650   0x400


*******************************************************************************
*** INIT TABLE
***

          Address     Size
          -------     ----
Zero (__iar_zero_init3)
    1 destination range, total size 0x244:
          0x2000000c  0x244

Copy (__iar_copy_init3)
    1 source range, total size 0xc (133% of destination):
          0x08002960    0xc
    1 destination range, total size 0x9:
          0x20000000    0x9



*******************************************************************************
*** MODULE SUMMARY
***

    Module                  ro code  ro data  rw data
    ------                  -------  -------  -------
C:\PROJECTS\LeakageTester\LeakTest\EWARM\LeakTest\Obj: [1]
    dma.o                        96
    gpio.o                      124
    main.o                      246       48       64
    rtc.o                       324
    spi.o                       752       48      448
    startup_stm32f100xb.o       444
    stm32f1xx_hal.o             134        5        9
    stm32f1xx_hal_cortex.o      374
    stm32f1xx_hal_dma.o         896
    stm32f1xx_hal_gpio.o        648
    stm32f1xx_hal_msp.o         144
    stm32f1xx_hal_rcc.o       1 676       32
    stm32f1xx_hal_rcc_ex.o      268
    stm32f1xx_hal_spi.o       1 394
    stm32f1xx_hal_spi_ex.o      126
    stm32f1xx_hal_uart.o      1 590
    stm32f1xx_it.o              100
    stm32f1xx_ll_rtc.o          482
    system_stm32f1xx.o          112       28        4
    usart.o                     196       48       64
    -------------------------------------------------
    Total:                   10 126      209      589

command line: [2]
    -------------------------------------------------
    Total:

dl7M_tlf.a: [3]
    exit.o                        4
    low_level_init.o              4
    -------------------------------------------------
    Total:                        8

rt7M_tl.a: [4]
    ABImemcpy.o                 134
    cexit.o                      10
    cmain.o                      30
    copy_init3.o                 44
    cstartup_M.o                 12
    data_init.o                  40
    zero_init3.o                 64
    -------------------------------------------------
    Total:                      334

shb_l.a: [5]
    exit.o                       20
    -------------------------------------------------
    Total:                       20

    Gaps                         16
    Linker created                        39    1 024
-----------------------------------------------------
    Grand Total:             10 504      248    1 613


*******************************************************************************
*** ENTRY LIST
***

Entry                      Address   Size  Type      Object
-----                      -------   ----  ----      ------
.iar.init_table$$Base   0x080028a8          --   Gb  - Linker created -
.iar.init_table$$Limit  0x080028cc          --   Gb  - Linker created -
?main                   0x080028cd         Code  Gb  cmain.o [4]
AHBPrescTable           0x08002934   0x10  Data  Gb  system_stm32f1xx.o [1]
APBPrescTable           0x0800296c    0x8  Data  Gb  system_stm32f1xx.o [1]
BusFault_Handler        0x0800270f    0x2  Code  Gb  stm32f1xx_it.o [1]
CSTACK$$Base            0x20000250          --   Gb  - Linker created -
CSTACK$$Limit           0x20000650          --   Gb  - Linker created -
DMA1_Channel2_IRQHandler
                        0x08002727    0xa  Code  Gb  stm32f1xx_it.o [1]
DMA1_Channel3_IRQHandler
                        0x08002731    0xa  Code  Gb  stm32f1xx_it.o [1]
DMA1_Channel4_IRQHandler
                        0x0800273b    0xa  Code  Gb  stm32f1xx_it.o [1]
DMA1_Channel5_IRQHandler
                        0x08002745    0xa  Code  Gb  stm32f1xx_it.o [1]
DMA_SetConfig           0x0800144d   0x2c  Code  Lc  stm32f1xx_hal_dma.o [1]
DebugMon_Handler        0x08002715    0x2  Code  Gb  stm32f1xx_it.o [1]
HAL_DMA_Abort_IT        0x0800120b   0xb4  Code  Gb  stm32f1xx_hal_dma.o [1]
HAL_DMA_IRQHandler      0x080012bf  0x16a  Code  Gb  stm32f1xx_hal_dma.o [1]
HAL_DMA_Init            0x080010f9   0x7a  Code  Gb  stm32f1xx_hal_dma.o [1]
HAL_DMA_Start_IT        0x08001173   0x98  Code  Gb  stm32f1xx_hal_dma.o [1]
HAL_GPIO_Init           0x08001579  0x22e  Code  Gb  stm32f1xx_hal_gpio.o [1]
HAL_GPIO_WritePin       0x080017a7   0x1a  Code  Gb  stm32f1xx_hal_gpio.o [1]
HAL_GetTick             0x080007ad    0xc  Code  Wk  stm32f1xx_hal.o [1]
HAL_IncTick             0x0800276d   0x18  Code  Wk  stm32f1xx_hal.o [1]
HAL_Init                0x08001801   0x16  Code  Gb  stm32f1xx_hal.o [1]
HAL_InitTick            0x080007b9   0x4c  Code  Wk  stm32f1xx_hal.o [1]
HAL_MspInit             0x08002399   0x90  Code  Gb  stm32f1xx_hal_msp.o [1]
HAL_NVIC_EnableIRQ      0x0800099d    0xe  Code  Gb  stm32f1xx_hal_cortex.o [1]
HAL_NVIC_SetPriority    0x08000973   0x2a  Code  Gb  stm32f1xx_hal_cortex.o [1]
HAL_NVIC_SetPriorityGrouping
                        0x08000967    0xc  Code  Gb  stm32f1xx_hal_cortex.o [1]
HAL_RCCEx_PeriphCLKConfig
                        0x0800228d   0xf8  Code  Gb  stm32f1xx_hal_rcc_ex.o [1]
HAL_RCC_ClockConfig     0x08000577  0x124  Code  Gb  stm32f1xx_hal_rcc.o [1]
HAL_RCC_GetHCLKFreq     0x0800070f    0x6  Code  Gb  stm32f1xx_hal_rcc.o [1]
HAL_RCC_GetPCLK1Freq    0x08000715   0x16  Code  Gb  stm32f1xx_hal_rcc.o [1]
HAL_RCC_GetPCLK2Freq    0x0800072b   0x16  Code  Gb  stm32f1xx_hal_rcc.o [1]
HAL_RCC_GetSysClockFreq
                        0x0800069b   0x74  Code  Gb  stm32f1xx_hal_rcc.o [1]
HAL_RCC_OscConfig       0x08000121  0x456  Code  Gb  stm32f1xx_hal_rcc.o [1]
HAL_SPI_Init            0x08002429   0x7e  Code  Gb  stm32f1xx_hal_spi_ex.o [1]
HAL_SPI_MspInit         0x080019bd  0x1e4  Code  Gb  spi.o [1]
HAL_SPI_Receive_DMA     0x08001e03   0xfa  Code  Gb  stm32f1xx_hal_spi.o [1]
HAL_SPI_TransmitReceive_DMA
                        0x08001efd  0x13e  Code  Gb  stm32f1xx_hal_spi.o [1]
HAL_SPI_Transmit_DMA    0x08001d29   0xda  Code  Gb  stm32f1xx_hal_spi.o [1]
HAL_SYSTICK_CLKSourceConfig
                        0x080009b7   0x20  Code  Gb  stm32f1xx_hal_cortex.o [1]
HAL_SYSTICK_Config      0x080009ab    0xc  Code  Gb  stm32f1xx_hal_cortex.o [1]
HAL_SYSTICK_IRQHandler  0x080009f9    0x8  Code  Gb  stm32f1xx_hal_cortex.o [1]
HAL_UART_IRQHandler     0x08000a7b  0x14a  Code  Gb  stm32f1xx_hal_uart.o [1]
HAL_UART_Init           0x08000a05   0x76  Code  Gb  stm32f1xx_hal_uart.o [1]
HAL_UART_MspInit        0x0800107d   0x66  Code  Gb  usart.o [1]
HardFault_Handler       0x0800270b    0x2  Code  Gb  stm32f1xx_it.o [1]
LL_APB1_GRP1_EnableClock
                        0x08001c73   0x1a  Code  Lc  rtc.o [1]
LL_PWR_EnableBkUpAccess
                        0x08001c9b    0xe  Code  Lc  rtc.o [1]
LL_RCC_EnableRTC        0x08001c8d    0xe  Code  Lc  rtc.o [1]
LL_RTC_ClearFlag_ALR    0x080024fd    0xa  Code  Lc  stm32f1xx_ll_rtc.o [1]
LL_RTC_ClearFlag_OW     0x0800251b    0xa  Code  Lc  stm32f1xx_ll_rtc.o [1]
LL_RTC_ClearFlag_RS     0x08002511    0xa  Code  Lc  stm32f1xx_ll_rtc.o [1]
LL_RTC_ClearFlag_SEC    0x08002525    0xa  Code  Lc  stm32f1xx_ll_rtc.o [1]
LL_RTC_DisableWriteProtection
                        0x080024e5    0xa  Code  Lc  stm32f1xx_ll_rtc.o [1]
LL_RTC_EnableWriteProtection
                        0x080024db    0xa  Code  Lc  stm32f1xx_ll_rtc.o [1]
LL_RTC_EnterInitMode    0x080025a1   0x4e  Code  Gb  stm32f1xx_ll_rtc.o [1]
LL_RTC_ExitInitMode     0x080025ef   0x4e  Code  Gb  stm32f1xx_ll_rtc.o [1]
LL_RTC_Init             0x08002539   0x5a  Code  Gb  stm32f1xx_ll_rtc.o [1]
LL_RTC_IsActiveFlag_RS  0x08002507    0xa  Code  Lc  stm32f1xx_ll_rtc.o [1]
LL_RTC_IsActiveFlag_RTOF
                        0x0800252f    0xa  Code  Lc  stm32f1xx_ll_rtc.o [1]
LL_RTC_SetAsynchPrescaler
                        0x08001ca9   0x1a  Code  Lc  rtc.o [1]
LL_RTC_SetAsynchPrescaler
                        0x080024b5   0x1a  Code  Lc  stm32f1xx_ll_rtc.o [1]
LL_RTC_SetOutputSource  0x080024cf    0xc  Code  Lc  stm32f1xx_ll_rtc.o [1]
LL_RTC_TAMPER_Disable   0x080024ef    0xe  Code  Lc  stm32f1xx_ll_rtc.o [1]
LL_RTC_WaitForSynchro   0x0800263d   0x4e  Code  Gb  stm32f1xx_ll_rtc.o [1]
LL_SYSTICK_IsActiveCounterFlag
                        0x080024a9    0xc  Code  Lc  stm32f1xx_ll_rtc.o [1]
MX_DMA_Init             0x08001895   0x60  Code  Gb  dma.o [1]
MX_GPIO_Init            0x08001819   0x7c  Code  Gb  gpio.o [1]
MX_RTC_Init             0x08001cc3   0x46  Code  Gb  rtc.o [1]
MX_SPI1_Init            0x080018f5   0x66  Code  Gb  spi.o [1]
MX_SPI2_Init            0x0800195b   0x62  Code  Gb  spi.o [1]
MX_USART1_UART_Init     0x08001035   0x48  Code  Gb  usart.o [1]
MemManage_Handler       0x0800270d    0x2  Code  Gb  stm32f1xx_it.o [1]
NMI_Handler             0x08002709    0x2  Code  Gb  stm32f1xx_it.o [1]
NVIC_EnableIRQ          0x08001bef   0x16  Code  Lc  rtc.o [1]
NVIC_EnableIRQ          0x080008b3   0x16  Code  Lc  stm32f1xx_hal_cortex.o [1]
NVIC_EncodePriority     0x08001c31   0x42  Code  Lc  rtc.o [1]
NVIC_EncodePriority     0x080008f5   0x42  Code  Lc  stm32f1xx_hal_cortex.o [1]
NVIC_GetPriorityGrouping
                        0x08001be5    0xa  Code  Lc  rtc.o [1]
NVIC_GetPriorityGrouping
                        0x080008a9    0xa  Code  Lc  stm32f1xx_hal_cortex.o [1]
NVIC_SetPriority        0x08001c05   0x2c  Code  Lc  rtc.o [1]
NVIC_SetPriority        0x080008c9   0x2c  Code  Lc  stm32f1xx_hal_cortex.o [1]
NVIC_SetPriorityGrouping
                        0x0800088d   0x1c  Code  Lc  stm32f1xx_hal_cortex.o [1]
PendSV_Handler          0x08002717    0x2  Code  Gb  stm32f1xx_it.o [1]
RCC_Delay               0x08000741   0x26  Code  Lc  stm32f1xx_hal_rcc.o [1]
RTC_IRQHandler          0x08002725    0x2  Code  Gb  stm32f1xx_it.o [1]
Region$$Table$$Base     0x080028a8          --   Gb  - Linker created -
Region$$Table$$Limit    0x080028cc          --   Gb  - Linker created -
SPI1_Buffer_Rx          0x2000022c   0x20  Data  Gb  main.o [1]
SPI2_Buffer_Tx          0x2000020c   0x20  Data  Gb  main.o [1]
SPI_CheckFlag_BSY       0x08002263   0x2a  Code  Lc  stm32f1xx_hal_spi.o [1]
SPI_DMAError            0x08002199   0x28  Code  Lc  stm32f1xx_hal_spi.o [1]
SPI_DMAHalfReceiveCplt  0x08002179    0xe  Code  Lc  stm32f1xx_hal_spi.o [1]
SPI_DMAHalfTransmitCplt
                        0x08002169    0xe  Code  Lc  stm32f1xx_hal_spi.o [1]
SPI_DMAHalfTransmitReceiveCplt
                        0x08002189    0xe  Code  Lc  stm32f1xx_hal_spi.o [1]
SPI_DMAReceiveCplt      0x080020ad   0x5e  Code  Lc  stm32f1xx_hal_spi.o [1]
SPI_DMATransmitCplt     0x0800203d   0x70  Code  Lc  stm32f1xx_hal_spi.o [1]
SPI_DMATransmitReceiveCplt
                        0x0800210d   0x5c  Code  Lc  stm32f1xx_hal_spi.o [1]
SPI_WaitFlagStateUntilTimeout
                        0x080021c1   0xa2  Code  Lc  stm32f1xx_hal_spi.o [1]
SVC_Handler             0x08002713    0x2  Code  Gb  stm32f1xx_it.o [1]
SysTick_Config          0x08000937   0x30  Code  Lc  stm32f1xx_hal_cortex.o [1]
SysTick_Handler         0x08002719    0xc  Code  Gb  stm32f1xx_it.o [1]
SystemClock_Config      0x080014cb   0x94  Code  Gb  main.o [1]
SystemCoreClock         0x20000004    0x4  Data  Gb  system_stm32f1xx.o [1]
SystemInit              0x08002699   0x54  Code  Gb  system_stm32f1xx.o [1]
UART_DMAAbortOnError    0x08000be9   0x16  Code  Lc  stm32f1xx_hal_uart.o [1]
UART_EndRxTransfer      0x08000bc5   0x20  Code  Lc  stm32f1xx_hal_uart.o [1]
UART_EndTransmit_IT     0x08000c6f   0x20  Code  Lc  stm32f1xx_hal_uart.o [1]
UART_Receive_IT         0x08000c8f   0xae  Code  Lc  stm32f1xx_hal_uart.o [1]
UART_SetConfig          0x08000d3d  0x2ee  Code  Lc  stm32f1xx_hal_uart.o [1]
UART_Transmit_IT        0x08000c01   0x6e  Code  Lc  stm32f1xx_hal_uart.o [1]
USART1_IRQHandler       0x0800274f    0xa  Code  Gb  stm32f1xx_it.o [1]
UsageFault_Handler      0x08002711    0x2  Code  Gb  stm32f1xx_it.o [1]
_Error_Handler          0x08001575    0x2  Code  Gb  main.o [1]
__aeabi_memcpy4         0x08000805         Code  Gb  ABImemcpy.o [4]
__aeabi_memcpy8         0x08000805         Code  Gb  ABImemcpy.o [4]
__cmain                 0x080028cd         Code  Gb  cmain.o [4]
__exit                  0x08002901   0x14  Code  Gb  exit.o [5]
__iar_copy_init3        0x08002855   0x2c  Code  Gb  copy_init3.o [4]
__iar_data_init3        0x08002881   0x28  Code  Gb  data_init.o [4]
__iar_program_start     0x08002955         Code  Gb  cstartup_M.o [4]
__iar_systems$$module {Abs}
                        0x00000001         Data  Gb  command line/config [2]
__iar_zero_init3        0x08002785   0x40  Code  Gb  zero_init3.o [4]
__low_level_init        0x080028eb    0x4  Code  Gb  low_level_init.o [3]
__vector_table          0x08000000         Data  Gb  startup_stm32f100xb.o [1]
_call_main              0x080028d9         Code  Gb  cmain.o [4]
_exit                   0x080028f5         Code  Gb  cexit.o [4]
_main                   0x080028e7         Code  Gb  cmain.o [4]
exit                    0x080028ef    0x4  Code  Gb  exit.o [3]
hdma_spi1_rx            0x200000bc   0x44  Data  Gb  spi.o [1]
hdma_spi1_tx            0x20000100   0x44  Data  Gb  spi.o [1]
hdma_spi2_rx            0x20000144   0x44  Data  Gb  spi.o [1]
hdma_spi2_tx            0x20000188   0x44  Data  Gb  spi.o [1]
hspi1                   0x2000000c   0x58  Data  Gb  spi.o [1]
hspi2                   0x20000064   0x58  Data  Gb  spi.o [1]
huart1                  0x200001cc   0x40  Data  Gb  usart.o [1]
main                    0x08001481   0x4a  Code  Gb  main.o [1]
uwTick                  0x2000024c    0x4  Data  Gb  stm32f1xx_hal.o [1]
uwTickFreq              0x20000008    0x1  Data  Gb  stm32f1xx_hal.o [1]
uwTickPrio              0x20000000    0x4  Data  Gb  stm32f1xx_hal.o [1]


[1] = C:\PROJECTS\LeakageTester\LeakTest\EWARM\LeakTest\Obj
[2] = command line
[3] = dl7M_tlf.a
[4] = rt7M_tl.a
[5] = shb_l.a

  10 504 bytes of readonly  code memory
     248 bytes of readonly  data memory
   1 613 bytes of readwrite data memory

Errors: none
Warnings: none
